Microchip MPLAB XC8 Compiler V1.44 ()

Linker command line:

-W-3 --edf=C:\Program Files (x86)\Microchip\xc8\v1.44\dat\en_msgs.txt -cs \
  -h+dist/default/production\SOFTWARE_ESTUFA_V1.0.X.production.sym \
  --cmf=dist/default/production\SOFTWARE_ESTUFA_V1.0.X.production.cmf -z \
  -Q18F4550 -oC:\Users\jonas\AppData\Local\Temp\sbrk.2 \
  -Mdist/default/production/SOFTWARE_ESTUFA_V1.0.X.production.map -E1 \
  -ver=XC8 -ASTACK=02C8h-07ffh -pstack=STACK -ACODE=00h-07FFFh \
  -ACONST=00h-07FFFh -ASMALLCONST=0800h-08FFhx120 \
  -AMEDIUMCONST=0800h-07FFFh -ACOMRAM=01h-05Fh -AABS1=00h-07FFh \
  -ABIGRAM=01h-07FFh -ARAM=060h-0FFh,0100h-01FFhx7 -ABANK0=060h-0FFh \
  -ABANK1=0100h-01FFh -ABANK2=0200h-02FFh -ABANK3=0300h-03FFh \
  -ABANK4=0400h-04FFh -ABANK5=0500h-05FFh -ABANK6=0600h-06FFh \
  -ABANK7=0700h-07FFh -ASFR=0F60h-0FFFh \
  -preset_vec=00h,intcode=08h,intcodelo,powerup,init -pramtop=0800h \
  -psmallconst=SMALLCONST -pmediumconst=MEDIUMCONST -pconst=CONST \
  -AFARRAM=00h-00h -ACONFIG=0300000h-030000Dh -pconfig=CONFIG \
  -AIDLOC=0200000h-0200007h -pidloc=IDLOC -AEEDATA=0F00000h-0F000FFh \
  -peeprom_data=EEDATA \
  -prdata=COMRAM,nvrram=COMRAM,nvbit=COMRAM,rbss=COMRAM,rbit=COMRAM \
  -pfarbss=FARRAM,fardata=FARRAM,nvFARRAM=FARRAM \
  -pintsave_regs=BIGRAM,bigbss=BIGRAM,bigdata=BIGRAM -pbss=RAM \
  -pidata=CODE,irdata=CODE,ibigdata=CODE,ifardata=CODE -prparam=COMRAM \
  C:\Users\jonas\AppData\Local\Temp\sbrk.obj \
  dist/default/production\SOFTWARE_ESTUFA_V1.0.X.production.obj 

Object code version is 3.11

Machine type is 18F4550

Call graph: (short form)




                Name                               Link     Load   Length Selector   Space Scale
C:\Users\jonas\AppData\Local\Temp\sbrk.obj
                init                                  E        E        4        4       0
                reset_vec                             0        0        4        0       0
                idloc                            200000   200000        8   200000       0
                config                           300000   300000        E   300000       0
dist/default/production\SOFTWARE_ESTUFA_V1.0.X.production.obj
                intcode                               8        8        6        4       0
                temp                                 51       51        1        1       1
                mediumconst                        776E     776E      892     3BB7       0
                text75                             5EB6     5EB6       12        4       0
                text74                             5CFA     5CFA       2E        4       0
                text73                             5F18     5F18        8        4       0
                text72                             5F10     5F10        8        4       0
                text71                             5EEE     5EEE        A        4       0
                text70                             5D7A     5D7A       28        4       0
                text69                             5DEE     5DEE       24        4       0
                text68                             5BA0     5BA0       38        4       0
                text67                             52D8     52D8       9A        4       0
                text66                             3F16     3F16      2B4        4       0
                intcode_body                       4B86     4B86       EA        4       0
                text64                             56B0     56B0       84        4       0
                text63                             57A4     57A4       70        4       0
                text62                             5C9C     5C9C       30        4       0
                text61                             5DC8     5DC8       26        4       0
                text60                             5ED6     5ED6        E        4       0
                text59                             562C     562C       84        4       0
                text58                             5E6E     5E6E       1C        4       0
                text57                             4EEE     4EEE       B4        4       0
                text56                             5B2A     5B2A       3E        4       0
                text55                             5CCC     5CCC       2E        4       0
                text54                             4E28     4E28       C6        4       0
                text53                             5932     5932       54        4       0
                text52                             5A64     5A64       44        4       0
                text51                             5D52     5D52       28        4       0
                text50                             5E12     5E12       22        4       0
                text49                             5EC8     5EC8        E        4       0
                text48                             2616     2616      5C0        4       0
                text47                             5A20     5A20       44        4       0
                text46                             5814     5814       66        4       0
                text45                             587A     587A       62        4       0
                text44                             5734     5734       70        4       0
                text43                             58DC     58DC       56        4       0
                text42                             4D58     4D58       D0        4       0
                text41                             50FE     50FE       A2        4       0
                text40                             55A8     55A8       84        4       0
                text39                             5524     5524       84        4       0
                text38                             489A     489A       FE        4       0
                text37                             44E8     44E8      16E        4       0
                text36                             5D28     5D28       2A        4       0
                text35                             5C6C     5C6C       30        4       0
                text34                             5AEA     5AEA       40        4       0
                text33                             5B68     5B68       38        4       0
                text32                             5EA2     5EA2       14        4       0
                text31                             5F08     5F08        8        4       0
                text30                             5F00     5F00        8        4       0
                text29                             5EE4     5EE4        A        4       0
                text28                             5AA8     5AA8       42        4       0
                text27                             3620     3620      4CC        4       0
                text26                             5C0A     5C0A       32        4       0
                text25                             5E52     5E52       1C        4       0
                text24                             59D8     59D8       48        4       0
                text23                             5E34     5E34       1E        4       0
                text22                             5496     5496       8E        4       0
                text21                             3AEC     3AEC      42A        4       0
                text20                             5052     5052       AC        4       0
                text19                             4378     4378      170        4       0
                text18                             2BD6     2BD6      532        4       0
                text17                             4656     4656      13E        4       0
                text16                             4FA2     4FA2       B0        4       0
                text15                             41CA     41CA      1AE        4       0
                text14                             4C70     4C70       E8        4       0
                text13                             5404     5404       92        4       0
                text12                             4A90     4A90       F6        4       0
                text11                             4998     4998       F8        4       0
                text10                             5DA2     5DA2       26        4       0
                text9                              523E     523E       9A        4       0
                text8                              3108     3108      518        4       0
                text7                              5BD8     5BD8       32        4       0
                text6                              5EF8     5EF8        8        4       0
                text5                              5986     5986       52        4       0
                text4                              51A0     51A0       9E        4       0
                text3                              1644     1644      FD2        4       0
                text2                              4794     4794      106        4       0
                text1                              5C3C     5C3C       30        4       0
                text0                                12       12     1632        4       0
                cstackCOMRAM                          1        1       30        1       1
                cstackBANK0                          60       60       89       60       1
                cstackBANK1                         100      100       96      100       1
                dataBANK2                           2B0      2B0       18      200       1
                bssBANK2                            200      200       B0      200       1
                bssBANK1                            196      196       5F      100       1
                dataBANK0                            FB       FB        5       60       1
                bssBANK0                             E9       E9       12       60       1
                dataCOMRAM                           50       50        1        1       1
                bssCOMRAM                            31       31       1E        1       1
                bitbssCOMRAM                        278       4F        3        1       1     8
                cinit                              5372     5372       92        4       0
                idataBANK2                         5E8A     5E8A       18        4       0
                idataBANK0                         5F20     5F20        5        4       0
                idataCOMRAM                        5F25     5F25        1        4       0

TOTAL           Name                               Link     Load   Length     Space
        CLASS   STACK          

        CLASS   CODE           
                intcode                               8        8        6         0
                init                                  E        E        4         0
                reset_vec                             0        0        4         0
                text75                             5EB6     5EB6       12         0
                text74                             5CFA     5CFA       2E         0
                text73                             5F18     5F18        8         0
                text72                             5F10     5F10        8         0
                text71                             5EEE     5EEE        A         0
                text70                             5D7A     5D7A       28         0
                text69                             5DEE     5DEE       24         0
                text68                             5BA0     5BA0       38         0
                text67                             52D8     52D8       9A         0
                text66                             3F16     3F16      2B4         0
                intcode_body                       4B86     4B86       EA         0
                text64                             56B0     56B0       84         0
                text63                             57A4     57A4       70         0
                text62                             5C9C     5C9C       30         0
                text61                             5DC8     5DC8       26         0
                text60                             5ED6     5ED6        E         0
                text59                             562C     562C       84         0
                text58                             5E6E     5E6E       1C         0
                text57                             4EEE     4EEE       B4         0
                text56                             5B2A     5B2A       3E         0
                text55                             5CCC     5CCC       2E         0
                text54                             4E28     4E28       C6         0
                text53                             5932     5932       54         0
                text52                             5A64     5A64       44         0
                text51                             5D52     5D52       28         0
                text50                             5E12     5E12       22         0
                text49                             5EC8     5EC8        E         0
                text48                             2616     2616      5C0         0
                text47                             5A20     5A20       44         0
                text46                             5814     5814       66         0
                text45                             587A     587A       62         0
                text44                             5734     5734       70         0
                text43                             58DC     58DC       56         0
                text42                             4D58     4D58       D0         0
                text41                             50FE     50FE       A2         0
                text40                             55A8     55A8       84         0
                text39                             5524     5524       84         0
                text38                             489A     489A       FE         0
                text37                             44E8     44E8      16E         0
                text36                             5D28     5D28       2A         0
                text35                             5C6C     5C6C       30         0
                text34                             5AEA     5AEA       40         0
                text33                             5B68     5B68       38         0
                text32                             5EA2     5EA2       14         0
                text31                             5F08     5F08        8         0
                text30                             5F00     5F00        8         0
                text29                             5EE4     5EE4        A         0
                text28                             5AA8     5AA8       42         0
                text27                             3620     3620      4CC         0
                text26                             5C0A     5C0A       32         0
                text25                             5E52     5E52       1C         0
                text24                             59D8     59D8       48         0
                text23                             5E34     5E34       1E         0
                text22                             5496     5496       8E         0
                text21                             3AEC     3AEC      42A         0
                text20                             5052     5052       AC         0
                text19                             4378     4378      170         0
                text18                             2BD6     2BD6      532         0
                text17                             4656     4656      13E         0
                text16                             4FA2     4FA2       B0         0
                text15                             41CA     41CA      1AE         0
                text14                             4C70     4C70       E8         0
                text13                             5404     5404       92         0
                text12                             4A90     4A90       F6         0
                text11                             4998     4998       F8         0
                text10                             5DA2     5DA2       26         0
                text9                              523E     523E       9A         0
                text8                              3108     3108      518         0
                text7                              5BD8     5BD8       32         0
                text6                              5EF8     5EF8        8         0
                text5                              5986     5986       52         0
                text4                              51A0     51A0       9E         0
                text3                              1644     1644      FD2         0
                text2                              4794     4794      106         0
                text1                              5C3C     5C3C       30         0
                text0                                12       12     1632         0
                cinit                              5372     5372       92         0
                idataBANK2                         5E8A     5E8A       18         0
                idataBANK0                         5F20     5F20        5         0
                idataCOMRAM                        5F25     5F25        1         0

        CLASS   CONST          

        CLASS   SMALLCONST     

        CLASS   MEDIUMCONST    
                mediumconst                        776E     776E      892         0

        CLASS   COMRAM         
                temp                                 51       51        1         1
                cstackCOMRAM                          1        1       30         1
                dataCOMRAM                           50       50        1         1
                bssCOMRAM                            31       31       1E         1
                bitbssCOMRAM                        278       4F        3         1

        CLASS   ABS1           

        CLASS   BIGRAM         

        CLASS   RAM            

        CLASS   BANK0          
                cstackBANK0                          60       60       89         1
                dataBANK0                            FB       FB        5         1
                bssBANK0                             E9       E9       12         1

        CLASS   BANK1          
                cstackBANK1                         100      100       96         1
                bssBANK1                            196      196       5F         1

        CLASS   BANK2          
                dataBANK2                           2B0      2B0       18         1
                bssBANK2                            200      200       B0         1

        CLASS   BANK3          

        CLASS   BANK4          

        CLASS   BANK5          

        CLASS   BANK6          

        CLASS   BANK7          

        CLASS   SFR            

        CLASS   FARRAM         

        CLASS   CONFIG         
                config                           300000   300000        E         0

        CLASS   IDLOC          
                idloc                            200000   200000        8         0

        CLASS   EEDATA         



SEGMENTS        Name                           Load    Length   Top    Selector   Space  Class

                reset_vec                      000000  000004  000004         0       0  CODE    
                cstackCOMRAM                   000001  000051  000052         1       1  COMRAM  
                intcode                        000008  005F1E  005F26         4       0  CODE    
                cstackBANK0                    000060  0000A0  000100        60       1  BANK0   
                cstackBANK1                    000100  0000F5  0001F5       100       1  BANK1   
                bssBANK2                       000200  0000C8  0002C8       200       1  BANK2   
                mediumconst                    00776E  000892  008000      3BB7       0  MEDIUMCO
                idloc                          200000  000008  200008    200000       0  IDLOC   
                config                         300000  00000E  30000E    300000       0  CONFIG  


UNUSED ADDRESS RANGES

        Name                Unused          Largest block    Delta
        BANK1            0001F5-0001FF                B
        BANK2            0002C8-0002FF               38
        BANK3            000300-0003FF              100
        BANK4            000400-0004FF              100
        BANK5            000500-0005FF              100
        BANK6            000600-0006FF              100
        BANK7            000700-0007FF              100
        BIGRAM           000052-00005F                E
                         0001F5-0001FF                B
                         0002C8-0007FF              538
        CODE             000004-000007                4
                         005F26-00776D             1848
        COMRAM           000052-00005F                E
        CONST            000004-000007                4
                         005F26-00776D             1848
        EEDATA           F00000-F000FF              100
        MEDIUMCONST      005F26-00776D             1848
        RAM              0001F5-0001FF                B
                         0002C8-0007FF              100
        SFR              000F60-000FFF               A0
        SMALLCONST       005F26-00776D              100
        STACK            0002C8-0007FF              538

                                  Symbol Table

?_I2C_Read                        cstackBANK0  000061
?___ftadd                         cstackBANK0  00007B
?___ftdiv                         cstackBANK0  000087
?___ftmul                         cstackBANK0  00006C
?___ftpack                        cstackBANK0  000060
?___fttol                         cstackBANK0  000096
?___lldiv                         cstackBANK0  000060
?___lwdiv                         cstackBANK0  000060
?___lwmod                         cstackBANK0  000067
?___lwtoft                        cstackBANK0  000069
?___wmul                          cstackBANK0  000060
?__doprnt                         cstackBANK0  00006C
?_climaAtual                      cstackBANK0  000060
?_faseAtual                       cstackBANK0  000060
?_printf                          cstackBANK0  000081
?_readADC                         cstackBANK0  000060
?_sprintf                         cstackBANK0  000081
?_strchr                          cstackBANK0  000060
?_strcspn                         cstackBANK0  000066
?_strlen                          cstackBANK0  000060
?_strncmp                         cstackBANK0  000066
?_strspn                          cstackBANK0  000066
?_strstr                          cstackBANK0  00006F
?_strtok                          cstackBANK0  00006D
?_tabelaUmidade                   cstackBANK0  000060
?i2_I2C_Read                      cstackCOMRAM 000002
I2C_Master_Init@c                 cstackBANK0  00006D
I2C_Read@a                        cstackBANK0  000061
I2C_Read@temp                     cstackBANK0  000063
I2C_Write@d                       cstackBANK0  000061
Lcd_Cmd@a                         cstackBANK0  000062
Lcd_Port@a                        cstackBANK0  000060
Lcd_Set_Cursor@a                  cstackBANK0  000064
Lcd_Set_Cursor@b                  cstackBANK0  000063
Lcd_Set_Cursor@temp               cstackBANK0  000067
Lcd_Set_Cursor@y                  cstackBANK0  000066
Lcd_Set_Cursor@z                  cstackBANK0  000065
Lcd_Write_Char@a                  cstackBANK0  000063
Lcd_Write_Char@tempp              cstackBANK0  000061
Lcd_Write_Char@y                  cstackBANK0  000062
Lcd_Write_String@a                cstackBANK0  000064
Lcd_Write_String@i                cstackBANK0  000066
TIMER0@c                          cstackCOMRAM 000030
_ACKDT                            (abs)        007E2D
_ACKEN                            (abs)        007E2C
_ADCON0                           (abs)        000FC2
_ADCON0bits                       (abs)        000FC2
_ADCON1                           (abs)        000FC1
_ADCON2                           (abs)        000FC0
_ADON                             (abs)        007E10
_ADRESH                           (abs)        000FC4
_ADRESL                           (abs)        000FC3
_GO                               (abs)        007E11
_I2C_Master_Init                  text63       0057A4
_I2C_Read                         text7        005BD8
_I2C_Restart                      text6        005EF8
_I2C_Start                        text31       005F08
_I2C_Stop                         text30       005F00
_I2C_Wait                         text32       005EA2
_I2C_Write                        text29       005EE4
_INT2IF                           (abs)        007F81
_INTCON                           (abs)        000FF2
_INTCON2bits                      (abs)        000FF1
_INTCON3bits                      (abs)        000FF0
_INTCONbits                       (abs)        000FF2
_LATAbits                         (abs)        000F89
_LATBbits                         (abs)        000F8A
_LATCbits                         (abs)        000F8B
_LATDbits                         (abs)        000F8C
_LATEbits                         (abs)        000F8D
_Lcd_Clear                        text60       005ED6
_Lcd_Cmd                          text61       005DC8
_Lcd_Init                         text59       00562C
_Lcd_Port                         text62       005C9C
_Lcd_Set_Cursor                   text57       004EEE
_Lcd_Write_Char                   text56       005B2A
_Lcd_Write_String                 text55       005CCC
_PEN                              (abs)        007E2A
_PIE1bits                         (abs)        000F9D
_PIR1bits                         (abs)        000F9E
_PORTAbits                        (abs)        000F80
_PORTBbits                        (abs)        000F81
_PORTCbits                        (abs)        000F82
_PORTDbits                        (abs)        000F83
_PORTEbits                        (abs)        000F84
_RCEN                             (abs)        007E2B
_RCIF                             (abs)        007CF5
_RCREG                            (abs)        000FAE
_RCSTAbits                        (abs)        000FAB
_RSEN                             (abs)        007E29
_SEN                              (abs)        007E28
_SPBRG                            (abs)        000FAF
_SSPADD                           (abs)        000FC8
_SSPBUF                           (abs)        000FC9
_SSPCON1                          (abs)        000FC6
_SSPCON2                          (abs)        000FC5
_SSPSTAT                          (abs)        000FC7
_T0CON                            (abs)        000FD5
_TIMER0                           intcode      000008
_TMR0H                            (abs)        000FD7
_TMR0IF                           (abs)        007F92
_TMR0L                            (abs)        000FD6
_TRISAbits                        (abs)        000F92
_TRISBbits                        (abs)        000F93
_TRISCbits                        (abs)        000F94
_TRISDbits                        (abs)        000F95
_TRISEbits                        (abs)        000F96
_TXREG                            (abs)        000FAD
_TXSTAbits                        (abs)        000FAC
_UART_Init                        text58       005E6E
__CFG_BOR$ON                      (abs)        000000
__CFG_BORV$3                      (abs)        000000
__CFG_CCP2MX$ON                   (abs)        000000
__CFG_CP0$OFF                     (abs)        000000
__CFG_CP1$OFF                     (abs)        000000
__CFG_CP2$OFF                     (abs)        000000
__CFG_CP3$OFF                     (abs)        000000
__CFG_CPB$OFF                     (abs)        000000
__CFG_CPD$OFF                     (abs)        000000
__CFG_CPUDIV$OSC1_PLL2            (abs)        000000
__CFG_EBTR0$OFF                   (abs)        000000
__CFG_EBTR1$OFF                   (abs)        000000
__CFG_EBTR2$OFF                   (abs)        000000
__CFG_EBTR3$OFF                   (abs)        000000
__CFG_EBTRB$OFF                   (abs)        000000
__CFG_FCMEN$OFF                   (abs)        000000
__CFG_FOSC$HS                     (abs)        000000
__CFG_ICPRT$OFF                   (abs)        000000
__CFG_IESO$OFF                    (abs)        000000
__CFG_LPT1OSC$OFF                 (abs)        000000
__CFG_LVP$OFF                     (abs)        000000
__CFG_MCLRE$ON                    (abs)        000000
__CFG_PBADEN$ON                   (abs)        000000
__CFG_PLLDIV$1                    (abs)        000000
__CFG_PWRT$OFF                    (abs)        000000
__CFG_STVREN$ON                   (abs)        000000
__CFG_USBDIV$1                    (abs)        000000
__CFG_VREGEN$OFF                  (abs)        000000
__CFG_WDT$ON                      (abs)        000000
__CFG_WDTPS$1024                  (abs)        000000
__CFG_WRT0$OFF                    (abs)        000000
__CFG_WRT1$OFF                    (abs)        000000
__CFG_WRT2$OFF                    (abs)        000000
__CFG_WRT3$OFF                    (abs)        000000
__CFG_WRTB$OFF                    (abs)        000000
__CFG_WRTC$OFF                    (abs)        000000
__CFG_WRTD$OFF                    (abs)        000000
__CFG_XINST$OFF                   (abs)        000000
__HRAM                            (abs)        000000
__Habs1                           abs1         000000
__Hbank0                          bank0        000000
__Hbank1                          bank1        000000
__Hbank2                          bank2        000000
__Hbank3                          bank3        000000
__Hbank4                          bank4        000000
__Hbank5                          bank5        000000
__Hbank6                          bank6        000000
__Hbank7                          bank7        000000
__Hbigbss                         bigbss       000000
__Hbigdata                        bigdata      000000
__Hbigram                         bigram       000000
__HbitbssCOMRAM                   bitbssCOMRAM 000000
__Hbss                            bss          000000
__HbssBANK0                       bssBANK0     000000
__HbssBANK1                       bssBANK1     000000
__HbssBANK2                       bssBANK2     000000
__HbssCOMRAM                      bssCOMRAM    000000
__Hcinit                          cinit        000000
__Hclrtext                        clrtext      000000
__Hcomram                         comram       000000
__Hconfig                         config       30000E
__Hconst                          const        000000
__HcstackBANK0                    cstackBANK0  000000
__HcstackBANK1                    cstackBANK1  000000
__HcstackCOMRAM                   cstackCOMRAM 000000
__Hdata                           data         000000
__HdataBANK0                      dataBANK0    000000
__HdataBANK2                      dataBANK2    000000
__HdataCOMRAM                     dataCOMRAM   000000
__Heeprom_data                    eeprom_data  000000
__Hfarbss                         farbss       000000
__Hfardata                        fardata      000000
__Hibigdata                       ibigdata     000000
__Hidata                          idata        000000
__HidataBANK0                     idataBANK0   000000
__HidataBANK2                     idataBANK2   000000
__HidataCOMRAM                    idataCOMRAM  000000
__Hidloc                          idloc        200008
__Hifardata                       ifardata     000000
__Hinit                           init         000012
__Hintcode                        intcode      00000E
__Hintcode_body                   intcode_body 000000
__Hintcodelo                      intcodelo    00000E
__Hintentry                       intentry     000000
__Hintret                         intret       000000
__Hintsave_regs                   intsave_regs 000000
__Hirdata                         irdata       000000
__Hmediumconst                    mediumconst  008000
__HnvFARRAM                       nvFARRAM     000000
__Hnvbit                          nvbit        000000
__Hnvrram                         nvrram       000000
__Hparam                          rparam       000000
__Hpowerup                        powerup      00000E
__Hram                            ram          000000
__Hramtop                         ramtop       000800
__Hrbit                           rbit         000000
__Hrbss                           rbss         000000
__Hrdata                          rdata        000000
__Hreset_vec                      reset_vec    000004
__Hrparam                         rparam       000000
__Hsfr                            sfr          000000
__Hsmallconst                     smallconst   000000
__Hspace_0                        (abs)        30000E
__Hspace_1                        (abs)        0002C8
__Hspace_2                        (abs)        000000
__Hstack                          stack        000000
__Hstruct                         struct       000000
__Htemp                           temp         000052
__Htext                           text         000000
__Htext0                          text0        000000
__Htext1                          text1        000000
__Htext10                         text10       000000
__Htext11                         text11       000000
__Htext12                         text12       000000
__Htext13                         text13       000000
__Htext14                         text14       000000
__Htext15                         text15       000000
__Htext16                         text16       000000
__Htext17                         text17       000000
__Htext18                         text18       000000
__Htext19                         text19       000000
__Htext2                          text2        000000
__Htext20                         text20       000000
__Htext21                         text21       000000
__Htext22                         text22       000000
__Htext23                         text23       000000
__Htext24                         text24       000000
__Htext25                         text25       000000
__Htext26                         text26       000000
__Htext27                         text27       000000
__Htext28                         text28       000000
__Htext29                         text29       000000
__Htext3                          text3        000000
__Htext30                         text30       000000
__Htext31                         text31       000000
__Htext32                         text32       000000
__Htext33                         text33       000000
__Htext34                         text34       000000
__Htext35                         text35       000000
__Htext36                         text36       000000
__Htext37                         text37       000000
__Htext38                         text38       000000
__Htext39                         text39       000000
__Htext4                          text4        000000
__Htext40                         text40       000000
__Htext41                         text41       000000
__Htext42                         text42       000000
__Htext43                         text43       000000
__Htext44                         text44       000000
__Htext45                         text45       000000
__Htext46                         text46       000000
__Htext47                         text47       000000
__Htext48                         text48       000000
__Htext49                         text49       000000
__Htext5                          text5        000000
__Htext50                         text50       000000
__Htext51                         text51       000000
__Htext52                         text52       000000
__Htext53                         text53       000000
__Htext54                         text54       000000
__Htext55                         text55       000000
__Htext56                         text56       000000
__Htext57                         text57       000000
__Htext58                         text58       000000
__Htext59                         text59       000000
__Htext6                          text6        000000
__Htext60                         text60       000000
__Htext61                         text61       000000
__Htext62                         text62       000000
__Htext63                         text63       000000
__Htext64                         text64       000000
__Htext66                         text66       000000
__Htext67                         text67       000000
__Htext68                         text68       000000
__Htext69                         text69       000000
__Htext7                          text7        000000
__Htext70                         text70       000000
__Htext71                         text71       000000
__Htext72                         text72       000000
__Htext73                         text73       000000
__Htext74                         text74       000000
__Htext75                         text75       000000
__Htext76                         text76       000000
__Htext8                          text8        000000
__Htext9                          text9        000000
__LRAM                            (abs)        000001
__Labs1                           abs1         000000
__Lbank0                          bank0        000000
__Lbank1                          bank1        000000
__Lbank2                          bank2        000000
__Lbank3                          bank3        000000
__Lbank4                          bank4        000000
__Lbank5                          bank5        000000
__Lbank6                          bank6        000000
__Lbank7                          bank7        000000
__Lbigbss                         bigbss       000000
__Lbigdata                        bigdata      000000
__Lbigram                         bigram       000000
__LbitbssCOMRAM                   bitbssCOMRAM 000000
__Lbss                            bss          000000
__LbssBANK0                       bssBANK0     000000
__LbssBANK1                       bssBANK1     000000
__LbssBANK2                       bssBANK2     000000
__LbssCOMRAM                      bssCOMRAM    000000
__Lcinit                          cinit        000000
__Lclrtext                        clrtext      000000
__Lcomram                         comram       000000
__Lconfig                         config       300000
__Lconst                          const        000000
__LcstackBANK0                    cstackBANK0  000000
__LcstackBANK1                    cstackBANK1  000000
__LcstackCOMRAM                   cstackCOMRAM 000000
__Ldata                           data         000000
__LdataBANK0                      dataBANK0    000000
__LdataBANK2                      dataBANK2    000000
__LdataCOMRAM                     dataCOMRAM   000000
__Leeprom_data                    eeprom_data  000000
__Lfarbss                         farbss       000000
__Lfardata                        fardata      000000
__Libigdata                       ibigdata     000000
__Lidata                          idata        000000
__LidataBANK0                     idataBANK0   000000
__LidataBANK2                     idataBANK2   000000
__LidataCOMRAM                    idataCOMRAM  000000
__Lidloc                          idloc        200000
__Lifardata                       ifardata     000000
__Linit                           init         00000E
__Lintcode                        intcode      000008
__Lintcode_body                   intcode_body 000000
__Lintcodelo                      intcodelo    00000E
__Lintentry                       intentry     000000
__Lintret                         intret       000000
__Lintsave_regs                   intsave_regs 000000
__Lirdata                         irdata       000000
__Lmediumconst                    mediumconst  00776E
__LnvFARRAM                       nvFARRAM     000000
__Lnvbit                          nvbit        000000
__Lnvrram                         nvrram       000000
__Lparam                          rparam       000000
__Lpowerup                        powerup      00000E
__Lram                            ram          000000
__Lramtop                         ramtop       000800
__Lrbit                           rbit         000000
__Lrbss                           rbss         000000
__Lrdata                          rdata        000000
__Lreset_vec                      reset_vec    000000
__Lrparam                         rparam       000000
__Lsfr                            sfr          000000
__Lsmallconst                     smallconst   000000
__Lspace_0                        (abs)        000000
__Lspace_1                        (abs)        000000
__Lspace_2                        (abs)        000000
__Lstack                          stack        000000
__Lstruct                         struct       000000
__Ltemp                           temp         000051
__Ltext                           text         000000
__Ltext0                          text0        000000
__Ltext1                          text1        000000
__Ltext10                         text10       000000
__Ltext11                         text11       000000
__Ltext12                         text12       000000
__Ltext13                         text13       000000
__Ltext14                         text14       000000
__Ltext15                         text15       000000
__Ltext16                         text16       000000
__Ltext17                         text17       000000
__Ltext18                         text18       000000
__Ltext19                         text19       000000
__Ltext2                          text2        000000
__Ltext20                         text20       000000
__Ltext21                         text21       000000
__Ltext22                         text22       000000
__Ltext23                         text23       000000
__Ltext24                         text24       000000
__Ltext25                         text25       000000
__Ltext26                         text26       000000
__Ltext27                         text27       000000
__Ltext28                         text28       000000
__Ltext29                         text29       000000
__Ltext3                          text3        000000
__Ltext30                         text30       000000
__Ltext31                         text31       000000
__Ltext32                         text32       000000
__Ltext33                         text33       000000
__Ltext34                         text34       000000
__Ltext35                         text35       000000
__Ltext36                         text36       000000
__Ltext37                         text37       000000
__Ltext38                         text38       000000
__Ltext39                         text39       000000
__Ltext4                          text4        000000
__Ltext40                         text40       000000
__Ltext41                         text41       000000
__Ltext42                         text42       000000
__Ltext43                         text43       000000
__Ltext44                         text44       000000
__Ltext45                         text45       000000
__Ltext46                         text46       000000
__Ltext47                         text47       000000
__Ltext48                         text48       000000
__Ltext49                         text49       000000
__Ltext5                          text5        000000
__Ltext50                         text50       000000
__Ltext51                         text51       000000
__Ltext52                         text52       000000
__Ltext53                         text53       000000
__Ltext54                         text54       000000
__Ltext55                         text55       000000
__Ltext56                         text56       000000
__Ltext57                         text57       000000
__Ltext58                         text58       000000
__Ltext59                         text59       000000
__Ltext6                          text6        000000
__Ltext60                         text60       000000
__Ltext61                         text61       000000
__Ltext62                         text62       000000
__Ltext63                         text63       000000
__Ltext64                         text64       000000
__Ltext66                         text66       000000
__Ltext67                         text67       000000
__Ltext68                         text68       000000
__Ltext69                         text69       000000
__Ltext7                          text7        000000
__Ltext70                         text70       000000
__Ltext71                         text71       000000
__Ltext72                         text72       000000
__Ltext73                         text73       000000
__Ltext74                         text74       000000
__Ltext75                         text75       000000
__Ltext76                         text76       000000
__Ltext8                          text8        000000
__Ltext9                          text9        000000
__S0                              (abs)        30000E
__S1                              (abs)        0002C8
__S2                              (abs)        000000
___ftadd                          text15       0041CA
___ftadd@exp1                     cstackBANK0  000086
___ftadd@exp2                     cstackBANK0  000085
___ftadd@f1                       cstackBANK0  00007B
___ftadd@f2                       cstackBANK0  00007E
___ftadd@sign                     cstackBANK0  000084
___ftdiv                          text14       004C70
___ftdiv@cntr                     cstackBANK0  000090
___ftdiv@exp                      cstackBANK0  000094
___ftdiv@f1                       cstackBANK0  000087
___ftdiv@f2                       cstackBANK0  00008A
___ftdiv@f3                       cstackBANK0  000091
___ftdiv@sign                     cstackBANK0  000095
___ftge                           text13       005404
___ftge@ff1                       cstackBANK0  000060
___ftge@ff2                       cstackBANK0  000063
___ftmul                          text12       004A90
___ftmul@cntr                     cstackBANK0  000079
___ftmul@exp                      cstackBANK0  000075
___ftmul@f1                       cstackBANK0  00006C
___ftmul@f2                       cstackBANK0  00006F
___ftmul@f3_as_product            cstackBANK0  000076
___ftmul@sign                     cstackBANK0  00007A
___ftpack                         text16       004FA2
___ftpack@arg                     cstackBANK0  000060
___ftpack@exp                     cstackBANK0  000063
___ftpack@sign                    cstackBANK0  000064
___fttol                          text11       004998
___fttol@exp1                     cstackBANK0  0000A4
___fttol@f1                       cstackBANK0  000096
___fttol@lval                     cstackBANK0  0000A0
___fttol@sign1                    cstackBANK0  00009F
___inthi_sp                       stack        000000
___intlo_sp                       stack        000000
___lldiv                          text64       0056B0
___lldiv@counter                  cstackBANK0  00006C
___lldiv@dividend                 cstackBANK0  000060
___lldiv@divisor                  cstackBANK0  000064
___lldiv@quotient                 cstackBANK0  000068
___lwdiv                          text53       005932
___lwdiv@counter                  cstackBANK0  000066
___lwdiv@dividend                 cstackBANK0  000060
___lwdiv@divisor                  cstackBANK0  000062
___lwdiv@quotient                 cstackBANK0  000064
___lwmod                          text52       005A64
___lwmod@counter                  cstackBANK0  00006B
___lwmod@dividend                 cstackBANK0  000067
___lwmod@divisor                  cstackBANK0  000069
___lwtoft                         text10       005DA2
___lwtoft@c                       cstackBANK0  000069
___param_bank                     (abs)        000000
___rparam_used                    (abs)        000001
___sp                             stack        000000
___wmul                           text51       005D52
___wmul@multiplicand              cstackBANK0  000062
___wmul@multiplier                cstackBANK0  000060
___wmul@product                   cstackBANK0  000064
__acao_flap                       bssCOMRAM    000042
__accesstop                       (abs)        000060
__activetblptr                    (abs)        000002
__doprnt                          text48       002616
__doprnt@ap                       cstackBANK0  000070
__doprnt@c                        cstackBANK0  000080
__doprnt@cp                       cstackBANK0  00007C
__doprnt@f                        cstackBANK0  00006E
__doprnt@flag                     cstackBANK0  000077
__doprnt@len                      cstackBANK0  00007A
__doprnt@pb                       cstackBANK0  00006C
__doprnt@prec                     cstackBANK0  000076
__doprnt@val                      cstackBANK0  000078
__doprnt@width                    cstackBANK0  00007E
__end_of_I2C_Master_Init          text63       005814
__end_of_I2C_Read                 text7        005C0A
__end_of_I2C_Restart              text6        005F00
__end_of_I2C_Start                text31       005F10
__end_of_I2C_Stop                 text30       005F08
__end_of_I2C_Wait                 text32       005EB6
__end_of_I2C_Write                text29       005EEE
__end_of_Lcd_Clear                text60       005EE4
__end_of_Lcd_Cmd                  text61       005DEE
__end_of_Lcd_Init                 text59       0056B0
__end_of_Lcd_Port                 text62       005CCC
__end_of_Lcd_Set_Cursor           text57       004FA2
__end_of_Lcd_Write_Char           text56       005B68
__end_of_Lcd_Write_String         text55       005CFA
__end_of_TIMER0                   intcode_body 004C70
__end_of_UART_Init                text58       005E8A
__end_of___ftadd                  text15       004378
__end_of___ftdiv                  text14       004D58
__end_of___ftge                   text13       005496
__end_of___ftmul                  text12       004B86
__end_of___ftpack                 text16       005052
__end_of___fttol                  text11       004A90
__end_of___lldiv                  text64       005734
__end_of___lwdiv                  text53       005986
__end_of___lwmod                  text52       005AA8
__end_of___lwtoft                 text10       005DC8
__end_of___wmul                   text51       005D7A
__end_of__doprnt                  text48       002BD6
__end_of__initialization          cinit        0053F6
__end_of_acaoFlap                 text22       005524
__end_of_alterarConfigWifi        text27       003AEC
__end_of_atualizaLCD              text54       004EEE
__end_of_blink                    text26       005C3C
__end_of_btPress                  text25       005E6E
__end_of_climaAtual               text24       005A20
__end_of_controle                 text21       003F16
__end_of_criaCaracteresCGRAM      text20       0050FE
__end_of_delay                    text36       005D52
__end_of_dpowers                  mediumconst  0077B1
__end_of_enviaDadosWifi           text18       003108
__end_of_faseAtual                text17       004794
__end_of_filtroStr                text37       004656
__end_of_getMac                   text19       0044E8
__end_of_getSensors               text8        003620
__end_of_isdigit                  text50       005E34
__end_of_limpaBuffer              text34       005B2A
__end_of_main                     text0        001644
__end_of_memset                   text35       005C9C
__end_of_printf                   text33       005BA0
__end_of_putch                    text49       005ED6
__end_of_readADC                  text9        0052D8
__end_of_readButtons              text70       005DA2
__end_of_readEEPROM_ext           text5        0059D8
__end_of_setLed                   text23       005E52
__end_of_setRangeValor            text4        00523E
__end_of_setUmidade               text2        00489A
__end_of_sprintf                  text47       005A64
__end_of_strchr                   text44       0057A4
__end_of_strcpy                   text46       00587A
__end_of_strcspn                  text40       00562C
__end_of_strlen                   text43       005932
__end_of_strncmp                  text42       004E28
__end_of_strncpy                  text45       0058DC
__end_of_strspn                   text39       0055A8
__end_of_strstr                   text41       0051A0
__end_of_strtok                   text38       004998
__end_of_tabelaUmidade            text3        002616
__end_of_timer                    text66       0041CA
__end_of_updateLeds               text1        005C6C
__end_of_writeEEPROM_ext          text28       005AEA
__end_ofcriaCaracteresCGRAM@F3896 mediumconst  0077A7
__end_ofi2_I2C_Read               text74       005D28
__end_ofi2_I2C_Start              text73       005F20
__end_ofi2_I2C_Stop               text72       005F18
__end_ofi2_I2C_Wait               text75       005EC8
__end_ofi2_I2C_Write              text71       005EF8
__end_ofi2_delay                  text69       005E12
__end_ofi2_setRangeValor          text67       005372
__end_ofi2_writeEEPROM_ext        text68       005BD8
__initialization                  cinit        005372
__led                             dataCOMRAM   000050
__mediumconst                     mediumconst  00776E
__pbitbssCOMRAM                   bitbssCOMRAM 000278
__pbssBANK0                       bssBANK0     0000E9
__pbssBANK1                       bssBANK1     000196
__pbssBANK2                       bssBANK2     000200
__pbssCOMRAM                      bssCOMRAM    000031
__pcinit                          cinit        005372
__pcstackBANK0                    cstackBANK0  000060
__pcstackBANK1                    cstackBANK1  000100
__pcstackCOMRAM                   cstackCOMRAM 000001
__pdataBANK0                      dataBANK0    0000FB
__pdataBANK2                      dataBANK2    0002B0
__pdataCOMRAM                     dataCOMRAM   000050
__pidataBANK0                     idataBANK0   005F20
__pidataBANK2                     idataBANK2   005E8A
__pidataCOMRAM                    idataCOMRAM  005F25
__pintcode                        intcode      000008
__pintcode_body                   intcode_body 004B86
__pmediumconst                    mediumconst  00776E
__ptext0                          text0        000012
__ptext1                          text1        005C3C
__ptext10                         text10       005DA2
__ptext11                         text11       004998
__ptext12                         text12       004A90
__ptext13                         text13       005404
__ptext14                         text14       004C70
__ptext15                         text15       0041CA
__ptext16                         text16       004FA2
__ptext17                         text17       004656
__ptext18                         text18       002BD6
__ptext19                         text19       004378
__ptext2                          text2        004794
__ptext20                         text20       005052
__ptext21                         text21       003AEC
__ptext22                         text22       005496
__ptext23                         text23       005E34
__ptext24                         text24       0059D8
__ptext25                         text25       005E52
__ptext26                         text26       005C0A
__ptext27                         text27       003620
__ptext28                         text28       005AA8
__ptext29                         text29       005EE4
__ptext3                          text3        001644
__ptext30                         text30       005F00
__ptext31                         text31       005F08
__ptext32                         text32       005EA2
__ptext33                         text33       005B68
__ptext34                         text34       005AEA
__ptext35                         text35       005C6C
__ptext36                         text36       005D28
__ptext37                         text37       0044E8
__ptext38                         text38       00489A
__ptext39                         text39       005524
__ptext4                          text4        0051A0
__ptext40                         text40       0055A8
__ptext41                         text41       0050FE
__ptext42                         text42       004D58
__ptext43                         text43       0058DC
__ptext44                         text44       005734
__ptext45                         text45       00587A
__ptext46                         text46       005814
__ptext47                         text47       005A20
__ptext48                         text48       002616
__ptext49                         text49       005EC8
__ptext5                          text5        005986
__ptext50                         text50       005E12
__ptext51                         text51       005D52
__ptext52                         text52       005A64
__ptext53                         text53       005932
__ptext54                         text54       004E28
__ptext55                         text55       005CCC
__ptext56                         text56       005B2A
__ptext57                         text57       004EEE
__ptext58                         text58       005E6E
__ptext59                         text59       00562C
__ptext6                          text6        005EF8
__ptext60                         text60       005ED6
__ptext61                         text61       005DC8
__ptext62                         text62       005C9C
__ptext63                         text63       0057A4
__ptext64                         text64       0056B0
__ptext66                         text66       003F16
__ptext67                         text67       0052D8
__ptext68                         text68       005BA0
__ptext69                         text69       005DEE
__ptext7                          text7        005BD8
__ptext70                         text70       005D7A
__ptext71                         text71       005EEE
__ptext72                         text72       005F10
__ptext73                         text73       005F18
__ptext74                         text74       005CFA
__ptext75                         text75       005EB6
__ptext76                         text76       000000
__ptext8                          text8        003108
__ptext9                          text9        00523E
__ramtop                          ramtop       000800
__sec                             bssCOMRAM    000049
__size_of_I2C_Master_Init         (abs)        000000
__size_of_I2C_Read                (abs)        000000
__size_of_I2C_Restart             (abs)        000000
__size_of_I2C_Start               (abs)        000000
__size_of_I2C_Stop                (abs)        000000
__size_of_I2C_Wait                (abs)        000000
__size_of_I2C_Write               (abs)        000000
__size_of_Lcd_Clear               (abs)        000000
__size_of_Lcd_Cmd                 (abs)        000000
__size_of_Lcd_Init                (abs)        000000
__size_of_Lcd_Port                (abs)        000000
__size_of_Lcd_Set_Cursor          (abs)        000000
__size_of_Lcd_Write_Char          (abs)        000000
__size_of_Lcd_Write_String        (abs)        000000
__size_of_TIMER0                  (abs)        000000
__size_of_UART_Init               (abs)        000000
__size_of___ftadd                 (abs)        000000
__size_of___ftdiv                 (abs)        000000
__size_of___ftge                  (abs)        000000
__size_of___ftmul                 (abs)        000000
__size_of___ftpack                (abs)        000000
__size_of___fttol                 (abs)        000000
__size_of___lldiv                 (abs)        000000
__size_of___lwdiv                 (abs)        000000
__size_of___lwmod                 (abs)        000000
__size_of___lwtoft                (abs)        000000
__size_of___wmul                  (abs)        000000
__size_of__doprnt                 (abs)        000000
__size_of_acaoFlap                (abs)        000000
__size_of_alterarConfigWifi       (abs)        000000
__size_of_atualizaLCD             (abs)        000000
__size_of_blink                   (abs)        000000
__size_of_btPress                 (abs)        000000
__size_of_climaAtual              (abs)        000000
__size_of_controle                (abs)        000000
__size_of_criaCaracteresCGRAM     (abs)        000000
__size_of_delay                   (abs)        000000
__size_of_enviaDadosWifi          (abs)        000000
__size_of_faseAtual               (abs)        000000
__size_of_filtroStr               (abs)        000000
__size_of_getMac                  (abs)        000000
__size_of_getSensors              (abs)        000000
__size_of_isdigit                 (abs)        000000
__size_of_limpaBuffer             (abs)        000000
__size_of_main                    (abs)        000000
__size_of_memset                  (abs)        000000
__size_of_printf                  (abs)        000000
__size_of_putch                   (abs)        000000
__size_of_readADC                 (abs)        000000
__size_of_readButtons             (abs)        000000
__size_of_readEEPROM_ext          (abs)        000000
__size_of_setLed                  (abs)        000000
__size_of_setRangeValor           (abs)        000000
__size_of_setUmidade              (abs)        000000
__size_of_sprintf                 (abs)        000000
__size_of_strchr                  (abs)        000000
__size_of_strcpy                  (abs)        000000
__size_of_strcspn                 (abs)        000000
__size_of_strlen                  (abs)        000000
__size_of_strncmp                 (abs)        000000
__size_of_strncpy                 (abs)        000000
__size_of_strspn                  (abs)        000000
__size_of_strstr                  (abs)        000000
__size_of_strtok                  (abs)        000000
__size_of_tabelaUmidade           (abs)        000000
__size_of_timer                   (abs)        000000
__size_of_updateLeds              (abs)        000000
__size_of_writeEEPROM_ext         (abs)        000000
__size_ofi2_I2C_Read              (abs)        000000
__size_ofi2_I2C_Start             (abs)        000000
__size_ofi2_I2C_Stop              (abs)        000000
__size_ofi2_I2C_Wait              (abs)        000000
__size_ofi2_I2C_Write             (abs)        000000
__size_ofi2_delay                 (abs)        000000
__size_ofi2_setRangeValor         (abs)        000000
__size_ofi2_writeEEPROM_ext       (abs)        000000
__smallconst                      smallconst   000000
__temp                            bssBANK2     000221
__umid                            bssBANK2     000200
_acaoFlap                         text22       005496
_ajuste_parametro                 bssBANK1     000198
_alterarConfigWifi                text27       003620
_atualizaLCD                      text54       004E28
_base_sec                         bssCOMRAM    00004A
_blink                            text26       005C0A
_blinkk                           bitbssCOMRAM 00027A
_btPress                          text25       005E52
_bt_flag                          bssCOMRAM    000044
_bufferSerial                     bssBANK2     000242
_buzzer                           bssBANK0     0000FA
_cbf                              bssCOMRAM    000043
_clima                            bssBANK0     0000EB
_climaAtual                       text24       0059D8
_contador_fase_automatica         bitbssCOMRAM 000278
_controle                         text21       003AEC
_criaCaracteresCGRAM              text20       005052
_criaCaracteresCGRAM$1229         cstackBANK0  00009F
_delay                            text36       005D28
_dpowers                          mediumconst  0077A7
_enviaDadosWifi                   text18       002BD6
_enviaDadosWifi$2490              cstackBANK0  0000D4
_f_buzzer_falta_energia           bssCOMRAM    000041
_f_falta_energia                  dataBANK0    0000FE
_f_wifi_processo                  bssBANK1     000196
_fase                             bssBANK0     0000EC
_faseAtual                        text17       004656
_filtroStr                        text37       0044E8
_filtroStr$1335                   cstackBANK1  00018E
_fornalha                         bssBANK0     0000F9
_getMac                           text19       004378
_getSensors                       text8        003108
_getSensors$1521                  cstackBANK0  0000AB
_getSensors$1523                  cstackBANK0  0000A5
_getSensors$1525                  cstackBANK0  0000A8
_getSensors$2491                  cstackBANK0  0000B0
_h_abafador                       bssBANK0     0000EF
_h_buzzer                         bssBANK0     0000EE
_h_flap                           bssBANK1     0001F4
_h_modo_seguranca                 bssBANK0     0000F1
_h_subir_temp_automatica          bssBANK0     0000ED
_h_venotinha                      bssBANK0     0000F0
_hor                              bssCOMRAM    000046
_isdigit                          text50       005E12
_isdigit$1991                     cstackBANK0  000061
_lcd_rfsh                         bssCOMRAM    00004B
_leds                             bssCOMRAM    000045
_limpaBuffer                      text34       005AEA
_line1                            bssBANK1     0001DA
_line2                            bssBANK1     0001C5
_line3                            bssBANK1     0001B0
_line4                            bssBANK1     00019B
_main                             text0        000012
_main$1633                        cstackBANK0  0000DA
_main$1634                        cstackBANK0  0000DC
_main$1637                        cstackBANK0  0000DE
_main$1642                        cstackBANK0  0000E0
_main$1649                        cstackBANK0  0000E2
_main$1654                        cstackBANK0  0000E4
_main$1659                        cstackBANK0  0000E6
_main$2492                        cstackBANK0  0000D8
_md_seguranca                     bitbssCOMRAM 000279
_media_adc                        bssCOMRAM    00003B
_memset                           text35       005C6C
_menu                             dataBANK0    0000FB
_min                              bssCOMRAM    000047
_opcaomenu                        bssBANK1     000199
_printf                           text33       005B68
_putch                            text49       005EC8
_readADC                          text9        00523E
_readButtons                      text70       005D7A
_readEEPROM_ext                   text5        005986
_sec                              bssCOMRAM    000048
_senha                            bssBANK2     000292
_senha_desbloqueio_func           bssBANK1     0001F3
_setLed                           text23       005E34
_setRangeValor                    text4        0051A0
_setUmidade                       text2        004794
_setUmidade$1297                  cstackBANK0  00006F
_setUmidade$1298                  cstackBANK0  000071
_setUmidade$1299                  cstackBANK0  000073
_setUmidade$1300                  cstackBANK0  000075
_sprintf                          text47       005A20
_ssid                             bssBANK2     0002A1
_strchr                           text44       005734
_strcpy                           text46       005814
_strcspn                          text40       0055A8
_strlen                           text43       0058DC
_strncmp                          text42       004D58
_strncpy                          text45       00587A
_strspn                           text39       005524
_strstr                           text41       0050FE
_strtok                           text38       00489A
_t_buzzer_religar                 dataBANK0    0000FF
_t_controle_blink                 bssCOMRAM    00003E
_t_controle_buzzer                bssCOMRAM    00003F
_t_controle_fim_fases             bssCOMRAM    000040
_t_controle_flap                  bssCOMRAM    000039
_t_controle_modo_seguranca        bssCOMRAM    000033
_t_controle_religar_buzzer        bssCOMRAM    000037
_t_controle_religar_ventoinha     bssCOMRAM    000035
_t_controle_temp_automatica       bssCOMRAM    00003D
_t_fim_fase1                      bssCOMRAM    00004E
_t_fim_fase2                      bssCOMRAM    00004D
_t_fim_fase3                      bssCOMRAM    00004C
_t_flap_intervalo                 bssBANK0     0000F4
_t_flap_ligado                    bssBANK0     0000F5
_t_leitura_adc                    bssCOMRAM    00003C
_t_religar_ventoinha_automatica   bssBANK0     0000F2
_t_temp_automatica                bssBANK0     0000F3
_t_wifi_restart                   bssBANK1     000197
_tabelaUmidade                    text3        001644
_temp                             dataBANK0    0000FD
_tempajt                          bssBANK0     0000EA
_timer                            text66       003F16
_timer$1417                       cstackCOMRAM 000018
_timer$1418                       cstackCOMRAM 00001A
_timer$1419                       cstackCOMRAM 00001C
_tipo_modo_trabalho               bssBANK0     0000F6
_tipo_sensor_umidade              bssBANK0     0000F7
_trava_fase                       bssBANK0     0000F8
_umid                             dataBANK0    0000FC
_umidajt                          bssBANK0     0000E9
_updateLeds                       text1        005C3C
_wifi_MAC                         dataBANK2    0002B0
_wifi_SENHA                       bssBANK1     0001EF
_wifi_conectado                   bssBANK1     00019A
_wifi_habilita_alteracao          bssBANK1     0001F1
_writeEEPROM_ext                  text28       005AA8
acaoFlap@acao                     cstackBANK0  000067
acaoFlap@tempo_aguardar           cstackBANK0  000064
acaoFlap@tempo_ativado            cstackBANK0  000062
alterarConfigWifi@i               cstackBANK0  0000C3
atualizaLCD@i                     cstackBANK0  000070
atualizaLCD@line1                 cstackBANK0  000068
atualizaLCD@line2                 cstackBANK0  00006A
atualizaLCD@line3                 cstackBANK0  00006C
atualizaLCD@line4                 cstackBANK0  00006E
blink@end                         cstackBANK0  000063
blink@i                           cstackBANK0  000064
blink@line                        cstackBANK0  000060
blink@start                       cstackBANK0  000062
btPress@bt                        cstackBANK0  000060
btemp                             temp         000051
climaAtual@c                      cstackBANK0  000062
criaCaracteresCGRAM@F3896         mediumconst  00776F
criaCaracteresCGRAM@character     cstackBANK0  000067
criaCaracteresCGRAM@i             cstackBANK0  0000A3
criaCaracteresCGRAM@j             cstackBANK0  0000A2
criaCaracteresCGRAM@k             cstackBANK0  0000A1
delay@x                           cstackBANK0  000060
end_of_initialization             cinit        0053F6
enviaDadosWifi@AUX                cstackBANK0  0000C5
enviaDadosWifi@i                  cstackBANK0  0000D6
faseAtual@_fase                   cstackBANK0  000060
faseAtual@_fasee                  cstackBANK0  000064
faseAtual@_tempajt                cstackBANK0  000062
faseAtual@tmpajt                  cstackBANK0  000066
faseAtual@tp                      cstackBANK0  000065
filtroStr@_str                    cstackBANK1  000100
filtroStr@aux                     cstackBANK1  000152
filtroStr@count                   cstackBANK1  000191
filtroStr@fim                     cstackBANK0  000093
filtroStr@i                       cstackBANK1  000195
filtroStr@inicio                  cstackBANK0  000091
filtroStr@p                       cstackBANK1  000193
filtroStr@str                     cstackBANK0  000095
filtroStr@strdest                 cstackBANK0  000097
filtroStr@x                       cstackBANK1  000192
filtroStr@y                       cstackBANK1  000190
getMac@i                          cstackBANK0  00007B
getMac@j                          cstackBANK0  000079
getMac@mac                        cstackBANK0  000073
getMac@men                        cstackBANK0  00007A
getMac@var                        cstackBANK0  000075
getSensors@aux                    cstackBANK0  0000B4
getSensors@auxx                   cstackBANK0  0000AD
getSensors@i                      cstackBANK0  0000B3
i2I2C_Read@a                      cstackCOMRAM 000002
i2I2C_Read@temp                   cstackCOMRAM 000004
i2I2C_Write@d                     cstackCOMRAM 000002
i2_I2C_Read                       text74       005CFA
i2_I2C_Start                      text73       005F18
i2_I2C_Stop                       text72       005F10
i2_I2C_Wait                       text75       005EB6
i2_I2C_Write                      text71       005EEE
i2_delay                          text69       005DEE
i2_setRangeValor                  text67       0052D8
i2_writeEEPROM_ext                text68       005BA0
i2delay@x                         cstackCOMRAM 000001
i2setRangeValor@_acao             cstackCOMRAM 00000E
i2setRangeValor@_aux              cstackCOMRAM 00000F
i2setRangeValor@_max              cstackCOMRAM 000009
i2setRangeValor@_min              cstackCOMRAM 000008
i2setRangeValor@_var_ajt          cstackCOMRAM 000006
i2setRangeValor@end_eeprom        cstackCOMRAM 00000A
i2writeEEPROM_ext@adress          cstackCOMRAM 000005
i2writeEEPROM_ext@data            cstackCOMRAM 000004
int$flags                         temp         000051
int_func                          intcode_body 004B86
intlevel0                         text         000000
intlevel1                         text         000000
intlevel2                         text         000000
intlevel3                         text         000000
isdigit@c                         cstackBANK0  000062
main@i                            cstackBANK0  0000E8
memset@c                          cstackBANK0  000062
memset@n                          cstackBANK0  000064
memset@p                          cstackBANK0  000066
memset@p1                         cstackBANK0  000060
printf@ap                         cstackBANK0  0000BD
printf@f                          cstackBANK0  000081
printf@pb                         cstackBANK0  0000BF
putch@c                           cstackBANK0  000060
readADC@canal                     cstackBANK0  000068
readADC@digital                   cstackBANK0  000066
readEEPROM_ext@adress             cstackBANK0  000065
readEEPROM_ext@data               cstackBANK0  000066
setLed@acao                       cstackBANK0  000060
setLed@led                        cstackBANK0  000061
setRangeValor@_acao               cstackBANK0  00006D
setRangeValor@_aux                cstackBANK0  00006E
setRangeValor@_max                cstackBANK0  000068
setRangeValor@_min                cstackBANK0  000067
setRangeValor@_var_ajt            cstackBANK0  000065
setRangeValor@end_eeprom          cstackBANK0  000069
setUmidade@_clim                  cstackBANK0  000078
setUmidade@_clima                 cstackBANK0  00006C
setUmidade@_tempajt               cstackBANK0  00006A
setUmidade@_tmpajt                cstackBANK0  000077
setUmidade@_umd                   cstackBANK0  000079
setUmidade@_umdajt                cstackBANK0  000068
setUmidade@tp                     cstackBANK0  00006E
sprintf@ap                        cstackBANK0  00008B
sprintf@f                         cstackBANK0  000083
sprintf@pb                        cstackBANK0  00008D
sprintf@wh                        cstackBANK0  000081
stackhi                           (abs)        0007FF
stacklo                           (abs)        0002C8
start                             init         00000E
start_initialization              cinit        005372
strchr@chr                        cstackBANK0  000062
strchr@ptr                        cstackBANK0  000060
strcpy@cp                         cstackBANK0  000076
strcpy@from                       cstackBANK0  000073
strcpy@to                         cstackBANK0  000071
strcspn@i                         cstackBANK0  00006B
strcspn@s1                        cstackBANK0  000066
strcspn@s2                        cstackBANK0  000068
strlen@cp                         cstackBANK0  000064
strlen@s                          cstackBANK0  000060
strncmp@len                       cstackBANK0  00006A
strncmp@s1                        cstackBANK0  000066
strncmp@s2                        cstackBANK0  000068
strncpy@cp                        cstackBANK0  000066
strncpy@from                      cstackBANK0  000062
strncpy@size                      cstackBANK0  000064
strncpy@to                        cstackBANK0  000060
strspn@i                          cstackBANK0  00006B
strspn@s1                         cstackBANK0  000066
strspn@s2                         cstackBANK0  000068
strstr@s1                         cstackBANK0  00006F
strstr@s2                         cstackBANK0  000071
strtok@s1                         cstackBANK0  00006D
strtok@s2                         cstackBANK0  00006F
strtok@sp                         bssCOMRAM    000031
tabelaUmidade@_clima              cstackBANK0  000062
tabelaUmidade@_tipo_sensor        cstackBANK0  000064
tabelaUmidade@_tmp                cstackBANK0  000060
tabelaUmidade@_umd                cstackBANK0  000067
writeEEPROM_ext@adress            cstackBANK0  000064
writeEEPROM_ext@data              cstackBANK0  000063
wtemp6                            temp         000052


FUNCTION INFORMATION:

[...]
 This function calls:
		i2_setRangeValor
 This function is called by:
		_TIMER0
 This function uses a non-reentrant model


 *************** function i2_setRangeValor *****************
 Defined at:
		line 76 in file "src/FuncoesControlador.h"
 Parameters:    Size  Location     Type
  _acao           1    wreg     unsigned char 
  _var_ajt        2    5[COMRAM] PTR unsigned char 
		 -> senha_desbloqueio_func(1), t_fim_fase3(1), t_fim_fase2(1), t_fim_fase1(1), 
		 -> t_religar_ventoinha_automatica(1), h_subir_temp_automatica(1), wifi_habilita_alteracao(2), t_temp_automatica(1), 
		 -> t_buzzer_religar(1), t_flap_intervalo(1), t_flap_ligado(1), h_buzzer(1), 
		 -> h_modo_seguranca(1), h_venotinha(1), h_flap(1), h_abafador(1), 
		 -> wifi_SENHA(2), trava_fase(1), tipo_modo_trabalho(1), buzzer(1), 
		 -> fornalha(1), tempajt(1), tipo_sensor_umidade(1), fase(1), 
		 -> clima(1), 
  _min            1    7[COMRAM] unsigned char 
  _max            1    8[COMRAM] unsigned char 
  end_eeprom      1    9[COMRAM] unsigned char 
 Auto vars:     Size  Location     Type
  _acao           1   13[COMRAM] unsigned char 
  setRangeValo    2   14[COMRAM] int 
 Return value:  Size  Location     Type
                  1    wreg      void 
 Registers used:
		wreg, fsr2l, fsr2h, status,2, status,0, cstack
 Tracked objects:
		On entry : 
		On exit  : 
		Unchanged: 
 Data sizes:     COMRAM   BANK0   BANK1   BANK2   BANK3   BANK4   BANK5   BANK6   BANK7
      Params:         5       0       0       0       0       0       0       0       0
      Locals:         3       0       0       0       0       0       0       0       0
      Temps:          3       0       0       0       0       0       0       0       0
      Totals:        11       0       0       0       0       0       0       0       0
Total ram usage:       11 bytes
 Hardware stack levels used:    1
 Hardware stack levels required when called:    3
 This function calls:
		i2_writeEEPROM_ext
 This function is called by:
		_timer
 This function uses a non-reentrant model


 *************** function i2_writeEEPROM_ext *****************
 Defined at:
		line 14 in file "src/Eeprom_ext.h"
 Parameters:    Size  Location     Type
  adress          1    wreg     unsigned char 
  data            1    3[COMRAM] unsigned char 
 Auto vars:     Size  Location     Type
  adress          1    4[COMRAM] unsigned char 
 Return value:  Size  Location     Type
                  1    wreg      void 
 Registers used:
		wreg, status,2, status,0, cstack
 Tracked objects:
		On entry : 
		On exit  : 
		Unchanged: 
 Data sizes:     COMRAM   BANK0   BANK1   BANK2   BANK3   BANK4   BANK5   BANK6   BANK7
      Params:         1       0       0       0       0       0       0       0       0
      Locals:         1       0       0       0       0       0       0       0       0
      Temps:          0       0       0       0       0       0       0       0       0
      Totals:         2       0       0       0       0       0       0       0       0
Total ram usage:        2 bytes
 Hardware stack levels used:    1
 Hardware stack levels required when called:    2
 This function calls:
		i2_I2C_Start
		i2_I2C_Stop
		i2_I2C_Write
		i2_delay
 This function is called by:
		i2_setRangeValor
 This function uses a non-reentrant model


 *************** function i2_delay *****************
 Defined at:
		line 18 in file "src/function.c"
 Parameters:    Size  Location     Type
  x               2    0[COMRAM] int 
 Auto vars:     Size  Location     Type
		None
 Return value:  Size  Location     Type
                  1    wreg      void 
 Registers used:
		wreg, status,2, status,0
 Tracked objects:
		On entry : 
		On exit  : 
		Unchanged: 
 Data sizes:     COMRAM   BANK0   BANK1   BANK2   BANK3   BANK4   BANK5   BANK6   BANK7
      Params:         2       0       0       0       0       0       0       0       0
      Locals:         0       0       0       0       0       0       0       0       0
      Temps:          1       0       0       0       0       0       0       0       0
      Totals:         3       0       0       0       0       0       0       0       0
Total ram usage:        3 bytes
 Hardware stack levels used:    1
 This function calls:
		Nothing
 This function is called by:
		i2_writeEEPROM_ext
 This function uses a non-reentrant model


 *************** function _readButtons *****************
 Defined at:
		line 19 in file "src/Teclado.h"
 Parameters:    Size  Location     Type
		None
 Auto vars:     Size  Location     Type
		None
 Return value:  Size  Location     Type
                  1    wreg      void 
 Registers used:
		wreg, status,2, status,0, cstack
 Tracked objects:
		On entry : 
		On exit  : 
		Unchanged: 
 Data sizes:     COMRAM   BANK0   BANK1   BANK2   BANK3   BANK4   BANK5   BANK6   BANK7
      Params:         0       0       0       0       0       0       0       0       0
      Locals:         0       0       0       0       0       0       0       0       0
      Temps:          0       0       0       0       0       0       0       0       0
      Totals:         0       0       0       0       0       0       0       0       0
Total ram usage:        0 bytes
 Hardware stack levels used:    1
 Hardware stack levels required when called:    2
 This function calls:
		i2_I2C_Read
		i2_I2C_Start
		i2_I2C_Stop
		i2_I2C_Write
 This function is called by:
		_TIMER0
 This function uses a non-reentrant model


 *************** function i2_I2C_Write *****************
 Defined at:
		line 41 in file "src/I2C.c"
 Parameters:    Size  Location     Type
  d               2    1[COMRAM] unsigned int 
 Auto vars:     Size  Location     Type
		None
 Return value:  Size  Location     Type
                  1    wreg      void 
 Registers used:
		wreg, status,2, status,0, cstack
 Tracked objects:
		On entry : 
		On exit  : 
		Unchanged: 
 Data sizes:     COMRAM   BANK0   BANK1   BANK2   BANK3   BANK4   BANK5   BANK6   BANK7
      Params:         2       0       0       0       0       0       0       0       0
      Locals:         0       0       0       0       0       0       0       0       0
      Temps:          0       0       0       0       0       0       0       0       0
      Totals:         2       0       0       0       0       0       0       0       0
Total ram usage:        2 bytes
 Hardware stack levels used:    1
 Hardware stack levels required when called:    1
 This function calls:
		i2_I2C_Wait
 This function is called by:
		_readButtons
		i2_writeEEPROM_ext
 This function uses a non-reentrant model


 *************** function i2_I2C_Stop *****************
 Defined at:
		line 35 in file "src/I2C.c"
 Parameters:    Size  Location     Type
		None
 Auto vars:     Size  Location     Type
		None
 Return value:  Size  Location     Type
                  1    wreg      void 
 Registers used:
		wreg, status,2, status,0, cstack
 Tracked objects:
		On entry : 
		On exit  : 
		Unchanged: 
 Data sizes:     COMRAM   BANK0   BANK1   BANK2   BANK3   BANK4   BANK5   BANK6   BANK7
      Params:         0       0       0       0       0       0       0       0       0
      Locals:         0       0       0       0       0       0       0       0       0
      Temps:          0       0       0       0       0       0       0       0       0
      Totals:         0       0       0       0       0       0       0       0       0
Total ram usage:        0 bytes
 Hardware stack levels used:    1
 Hardware stack levels required when called:    1
 This function calls:
		i2_I2C_Wait
 This function is called by:
		_readButtons
		i2_writeEEPROM_ext
 This function uses a non-reentrant model


 *************** function i2_I2C_Start *****************
 Defined at:
		line 25 in file "src/I2C.c"
 Parameters:    Size  Location     Type
		None
 Auto vars:     Size  Location     Type
		None
 Return value:  Size  Location     Type
                  1    wreg      void 
 Registers used:
		wreg, status,2, status,0, cstack
 Tracked objects:
		On entry : 
		On exit  : 
		Unchanged: 
 Data sizes:     COMRAM   BANK0   BANK1   BANK2   BANK3   BANK4   BANK5   BANK6   BANK7
      Params:         0       0       0       0       0       0       0       0       0
      Locals:         0       0       0       0       0       0       0       0       0
      Temps:          0       0       0       0       0       0       0       0       0
      Totals:         0       0       0       0       0       0       0       0       0
Total ram usage:        0 bytes
 Hardware stack levels used:    1
 Hardware stack levels required when called:    1
 This function calls:
		i2_I2C_Wait
 This function is called by:
		_readButtons
		i2_writeEEPROM_ext
 This function uses a non-reentrant model


 *************** function i2_I2C_Read *****************
 Defined at:
		line 46 in file "src/I2C.c"
 Parameters:    Size  Location     Type
  a               2    1[COMRAM] unsigned short 
 Auto vars:     Size  Location     Type
  I2C_Read        2    3[COMRAM] unsigned short 
 Return value:  Size  Location     Type
                  2    1[COMRAM] unsigned short 
 Registers used:
		wreg, status,2, status,0, cstack
 Tracked objects:
		On entry : 
		On exit  : 
		Unchanged: 
 Data sizes:     COMRAM   BANK0   BANK1   BANK2   BANK3   BANK4   BANK5   BANK6   BANK7
      Params:         2       0       0       0       0       0       0       0       0
      Locals:         2       0       0       0       0       0       0       0       0
      Temps:          0       0       0       0       0       0       0       0       0
      Totals:         4       0       0       0       0       0       0       0       0
Total ram usage:        4 bytes
 Hardware stack levels used:    1
 Hardware stack levels required when called:    1
 This function calls:
		i2_I2C_Wait
 This function is called by:
		_readButtons
 This function uses a non-reentrant model


 *************** function i2_I2C_Wait *****************
 Defined at:
		line 21 in file "src/I2C.c"
 Parameters:    Size  Location     Type
		None
 Auto vars:     Size  Location     Type
		None
 Return value:  Size  Location     Type
                  1    wreg      void 
 Registers used:
		wreg, status,2, status,0
 Tracked objects:
		On entry : 
		On exit  : 
		Unchanged: 
 Data sizes:     COMRAM   BANK0   BANK1   BANK2   BANK3   BANK4   BANK5   BANK6   BANK7
      Params:         0       0       0       0       0       0       0       0       0
      Locals:         0       0       0       0       0       0       0       0       0
      Temps:          1       0       0       0       0       0       0       0       0
      Totals:         1       0       0       0       0       0       0       0       0
Total ram usage:        1 bytes
 Hardware stack levels used:    1
 This function calls:
		Nothing
 This function is called by:
		i2_I2C_Start
		i2_I2C_Stop
		i2_I2C_Write
		i2_I2C_Read
 This function uses a non-reentrant model



MODULE INFORMATION

Module		Function		Class		Link	Load	Size
src/function.c
		_delay         		CODE           	5D28	0000	43

src/function.c estimated size: 43

C:\Program Files (x86)\Microchip\xc8\v1.44\sources\common\strchr.c
		_strchr        		CODE           	5734	0000	113

C:\Program Files (x86)\Microchip\xc8\v1.44\sources\common\strchr.c estimated size: 113

C:\Program Files (x86)\Microchip\xc8\v1.44\sources\common\strcpy.c
		_strcpy        		CODE           	5814	0000	103

C:\Program Files (x86)\Microchip\xc8\v1.44\sources\common\strcpy.c estimated size: 103

C:\Program Files (x86)\Microchip\xc8\v1.44\sources\common\lwmod.c
		___lwmod       		CODE           	5A64	0000	69

C:\Program Files (x86)\Microchip\xc8\v1.44\sources\common\lwmod.c estimated size: 69

C:\Program Files (x86)\Microchip\xc8\v1.44\sources\common\memset.c
		_memset        		CODE           	5C6C	0000	49

C:\Program Files (x86)\Microchip\xc8\v1.44\sources\common\memset.c estimated size: 49

src/conexaoWifi.h
		_getMac        		CODE           	4378	0000	369
		_enviaDadosWifi		CODE           	2BD6	0000	1331
		_limpaBuffer   		CODE           	5AEA	0000	65
		_alterarConfigWifi		CODE           	3620	0000	1229
		_filtroStr     		CODE           	44E8	0000	367

src/conexaoWifi.h estimated size: 3361

src/Controle.h
		_controle      		CODE           	3AEC	0000	1067
		_timer         		CODE           	3F16	0000	693
		_acaoFlap      		CODE           	5496	0000	143

src/Controle.h estimated size: 1903

src/TabelasUmidade.h
		_tabelaUmidade 		CODE           	1644	0000	4051

src/TabelasUmidade.h estimated size: 4051

C:\Program Files (x86)\Microchip\xc8\v1.44\sources\common\lwtoft.c
		___lwtoft      		CODE           	5DA2	0000	39

C:\Program Files (x86)\Microchip\xc8\v1.44\sources\common\lwtoft.c estimated size: 39

C:\Program Files (x86)\Microchip\xc8\v1.44\sources\common\strspn.c
		_strspn        		CODE           	5524	0000	133

C:\Program Files (x86)\Microchip\xc8\v1.44\sources\common\strspn.c estimated size: 133

C:\Program Files (x86)\Microchip\xc8\v1.44\sources\common\ftmul.c
		___ftmul       		CODE           	4A90	0000	247

C:\Program Files (x86)\Microchip\xc8\v1.44\sources\common\ftmul.c estimated size: 247

C:\Program Files (x86)\Microchip\xc8\v1.44\sources\common\ftdiv.c
		___ftdiv       		CODE           	4C70	0000	233

C:\Program Files (x86)\Microchip\xc8\v1.44\sources\common\ftdiv.c estimated size: 233

C:\Program Files (x86)\Microchip\xc8\v1.44\sources\common\strncmp.c
		_strncmp       		CODE           	4D58	0000	209

C:\Program Files (x86)\Microchip\xc8\v1.44\sources\common\strncmp.c estimated size: 209

C:\Program Files (x86)\Microchip\xc8\v1.44\sources\common\strncpy.c
		_strncpy       		CODE           	587A	0000	99

C:\Program Files (x86)\Microchip\xc8\v1.44\sources\common\strncpy.c estimated size: 99

C:\Program Files (x86)\Microchip\xc8\v1.44\sources\common\ftge.c
		___ftge        		CODE           	5404	0000	147

C:\Program Files (x86)\Microchip\xc8\v1.44\sources\common\ftge.c estimated size: 147

C:\Program Files (x86)\Microchip\xc8\v1.44\sources\common\lwdiv.c
		___lwdiv       		CODE           	5932	0000	85

C:\Program Files (x86)\Microchip\xc8\v1.44\sources\common\lwdiv.c estimated size: 85

C:\Program Files (x86)\Microchip\xc8\v1.44\sources\common\doprnt.c
		__doprnt       		CODE           	2616	0000	1473

C:\Program Files (x86)\Microchip\xc8\v1.44\sources\common\doprnt.c estimated size: 1473

src/FuncoesControlador.h
		_setRangeValor 		CODE           	51A0	0000	159
		_climaAtual    		CODE           	59D8	0000	73
		_setUmidade    		CODE           	4794	0000	263
		_faseAtual     		CODE           	4656	0000	319

src/FuncoesControlador.h estimated size: 814

C:\Program Files (x86)\Microchip\xc8\v1.44\sources\common\lldiv.c
		___lldiv       		CODE           	56B0	0000	133

C:\Program Files (x86)\Microchip\xc8\v1.44\sources\common\lldiv.c estimated size: 133

src/I2C.c
		_I2C_Master_Init		CODE           	57A4	0000	113
		_I2C_Write     		CODE           	5EE4	0000	11
		_I2C_Stop      		CODE           	5F00	0000	9
		_I2C_Wait      		CODE           	5EA2	0000	21
		_I2C_Read      		CODE           	5BD8	0000	51
		_I2C_Start     		CODE           	5F08	0000	9
		_I2C_Restart   		CODE           	5EF8	0000	9

src/I2C.c estimated size: 223

C:\Program Files (x86)\Microchip\xc8\v1.44\sources\common\strstr.c
		_strstr        		CODE           	50FE	0000	163

C:\Program Files (x86)\Microchip\xc8\v1.44\sources\common\strstr.c estimated size: 163

C:\Program Files (x86)\Microchip\xc8\v1.44\sources\common\Umul16.c
		___wmul        		CODE           	5D52	0000	41

C:\Program Files (x86)\Microchip\xc8\v1.44\sources\common\Umul16.c estimated size: 41

src/main.c
		_main          		CODE           	0012	0000	5683
		_TIMER0        		CODE           	0008	0000	241

src/main.c estimated size: 5924

C:\Program Files (x86)\Microchip\xc8\v1.44\sources\common\fttol.c
		___fttol       		CODE           	4998	0000	249

C:\Program Files (x86)\Microchip\xc8\v1.44\sources\common\fttol.c estimated size: 249

shared
		i2_I2C_Wait    		CODE           	5EB6	0000	19
		i2_I2C_Write   		CODE           	5EEE	0000	11
		_dpowers       		MEDIUMCONST    	77A7	0000	11
		criaCaracteresCGRAM@F3896		MEDIUMCONST    	776F	0000	57
		i2_I2C_Stop    		CODE           	5F10	0000	9
		i2_writeEEPROM_ext		CODE           	5BA0	0000	57
		i2_I2C_Start   		CODE           	5F18	0000	9
		__initialization		CODE           	5372	0000	133
		i2_I2C_Read    		CODE           	5CFA	0000	47
		i2_setRangeValor		CODE           	52D8	0000	155
		i2_delay       		CODE           	5DEE	0000	37

shared estimated size: 545

C:\Program Files (x86)\Microchip\xc8\v1.44\sources\common\strtok.c
		_strtok        		CODE           	489A	0000	255

C:\Program Files (x86)\Microchip\xc8\v1.44\sources\common\strtok.c estimated size: 255

src/USART.h
		_putch         		CODE           	5EC8	0000	15
		_UART_Init     		CODE           	5E6E	0000	29

src/USART.h estimated size: 44

C:\Program Files (x86)\Microchip\xc8\v1.44\sources\common\ftadd.c
		___ftadd       		CODE           	41CA	0000	431

C:\Program Files (x86)\Microchip\xc8\v1.44\sources\common\ftadd.c estimated size: 431

C:\Program Files (x86)\Microchip\xc8\v1.44\sources\common\strcspn.c
		_strcspn       		CODE           	55A8	0000	133

C:\Program Files (x86)\Microchip\xc8\v1.44\sources\common\strcspn.c estimated size: 133

src/Eeprom_ext.h
		_readEEPROM_ext		CODE           	5986	0000	83
		_writeEEPROM_ext		CODE           	5AA8	0000	67

src/Eeprom_ext.h estimated size: 150

src/Teclado.h
		_readButtons   		CODE           	5D7A	0000	41
		_btPress       		CODE           	5E52	0000	29

src/Teclado.h estimated size: 70

C:\Program Files (x86)\Microchip\xc8\v1.44\sources\common\isdigit.c
		_isdigit       		CODE           	5E12	0000	35

C:\Program Files (x86)\Microchip\xc8\v1.44\sources\common\isdigit.c estimated size: 35

src/Led_display.h
		_updateLeds    		CODE           	5C3C	0000	49
		_setLed        		CODE           	5E34	0000	31

src/Led_display.h estimated size: 80

src/ADC.h
		_getSensors    		CODE           	3108	0000	1305
		_readADC       		CODE           	523E	0000	155

src/ADC.h estimated size: 1460

C:\Program Files (x86)\Microchip\xc8\v1.44\sources\common\printf.c
		_printf        		CODE           	5B68	0000	57

C:\Program Files (x86)\Microchip\xc8\v1.44\sources\common\printf.c estimated size: 57

C:\Program Files (x86)\Microchip\xc8\v1.44\sources\common\sprintf.c
		_sprintf       		CODE           	5A20	0000	69

C:\Program Files (x86)\Microchip\xc8\v1.44\sources\common\sprintf.c estimated size: 69

C:\Program Files (x86)\Microchip\xc8\v1.44\sources\common\float.c
		___ftpack      		CODE           	4FA2	0000	177

C:\Program Files (x86)\Microchip\xc8\v1.44\sources\common\float.c estimated size: 177

src/lcd.h
		_Lcd_Write_String		CODE           	5CCC	0000	47
		_Lcd_Init      		CODE           	562C	0000	133
		_Lcd_Write_Char		CODE           	5B2A	0000	63
		_criaCaracteresCGRAM		CODE           	5052	0000	173
		_Lcd_Cmd       		CODE           	5DC8	0000	39
		_Lcd_Set_Cursor		CODE           	4EEE	0000	181
		_atualizaLCD   		CODE           	4E28	0000	199
		_Lcd_Clear     		CODE           	5ED6	0000	15
		_blink         		CODE           	5C0A	0000	51
		_Lcd_Port      		CODE           	5C9C	0000	49

src/lcd.h estimated size: 950

C:\Program Files (x86)\Microchip\xc8\v1.44\sources\common\strlen.c
		_strlen        		CODE           	58DC	0000	87

C:\Program Files (x86)\Microchip\xc8\v1.44\sources\common\strlen.c estimated size: 87

