Microchip MPLAB XC8 Compiler V1.44 ()

Linker command line:

-W-3 --edf=C:\Program Files (x86)\Microchip\xc8\v1.44\dat\en_msgs.txt -cs \
  -h+dist/default/production\SOFTWARE_ESTUFA_V1.0.X.production.sym \
  --cmf=dist/default/production\SOFTWARE_ESTUFA_V1.0.X.production.cmf -z \
  -Q18F4550 -oC:\Users\jonas\AppData\Local\Temp\sc8k.2 \
  -Mdist/default/production/SOFTWARE_ESTUFA_V1.0.X.production.map -E1 \
  -ver=XC8 -ASTACK=02CDh-07ffh -pstack=STACK -ACODE=00h-07FFFh \
  -ACONST=00h-07FFFh -ASMALLCONST=0800h-08FFhx120 \
  -AMEDIUMCONST=0800h-07FFFh -ACOMRAM=01h-05Fh -AABS1=00h-07FFh \
  -ABIGRAM=01h-07FFh -ARAM=060h-0FFh,0100h-01FFhx7 -ABANK0=060h-0FFh \
  -ABANK1=0100h-01FFh -ABANK2=0200h-02FFh -ABANK3=0300h-03FFh \
  -ABANK4=0400h-04FFh -ABANK5=0500h-05FFh -ABANK6=0600h-06FFh \
  -ABANK7=0700h-07FFh -ASFR=0F60h-0FFFh \
  -preset_vec=00h,intcode=08h,intcodelo,powerup,init -pramtop=0800h \
  -psmallconst=SMALLCONST -pmediumconst=MEDIUMCONST -pconst=CONST \
  -AFARRAM=00h-00h -ACONFIG=0300000h-030000Dh -pconfig=CONFIG \
  -AIDLOC=0200000h-0200007h -pidloc=IDLOC -AEEDATA=0F00000h-0F000FFh \
  -peeprom_data=EEDATA \
  -prdata=COMRAM,nvrram=COMRAM,nvbit=COMRAM,rbss=COMRAM,rbit=COMRAM \
  -pfarbss=FARRAM,fardata=FARRAM,nvFARRAM=FARRAM \
  -pintsave_regs=BIGRAM,bigbss=BIGRAM,bigdata=BIGRAM -pbss=RAM \
  -pidata=CODE,irdata=CODE,ibigdata=CODE,ifardata=CODE -prparam=COMRAM \
  C:\Users\jonas\AppData\Local\Temp\sc8k.obj \
  dist/default/production\SOFTWARE_ESTUFA_V1.0.X.production.obj 

Object code version is 3.11

Machine type is 18F4550

Call graph: (short form)




                Name                               Link     Load   Length Selector   Space Scale
C:\Users\jonas\AppData\Local\Temp\sc8k.obj
                init                                  E        E        4        4       0
                reset_vec                             0        0        4        0       0
                idloc                            200000   200000        8   200000       0
                config                           300000   300000        E   300000       0
dist/default/production\SOFTWARE_ESTUFA_V1.0.X.production.obj
                intcode                               8        8        6        4       0
                temp                                 5F       5F        1        1       1
                mediumconst                        782C     782C      7D4     3C16       0
                text72                             5C00     5C00       12        4       0
                text71                             5A34     5A34       2E        4       0
                text70                             5C6E     5C6E        8        4       0
                text69                             5C66     5C66        8        4       0
                text68                             5C44     5C44        A        4       0
                text67                             5ADC     5ADC       28        4       0
                text66                             5700     5700       52        4       0
                text65                             5596     5596       6E        4       0
                text64                             5B50     5B50       24        4       0
                text63                             58DA     58DA       38        4       0
                text62                             5186     5186       9A        4       0
                text61                             3F38     3F38      2B6        4       0
                intcode_body                       4C26     4C26       C0        4       0
                text59                             53C4     53C4       84        4       0
                text58                             54B8     54B8       70        4       0
                text57                             59D6     59D6       30        4       0
                text56                             5B2A     5B2A       26        4       0
                text55                             5C20     5C20        E        4       0
                text54                             5340     5340       84        4       0
                text53                             5BD0     5BD0       1C        4       0
                text52                             4DA2     4DA2       B4        4       0
                text51                             5864     5864       3E        4       0
                text50                             5A06     5A06       2E        4       0
                text49                             4B60     4B60       C6        4       0
                text48                             5448     5448       70        4       0
                text47                             5604     5604       56        4       0
                text46                             488A     488A       F8        4       0
                text45                             4CE6     4CE6       BC        4       0
                text44                             5AB4     5AB4       28        4       0
                text43                             565A     565A       54        4       0
                text42                             57DE     57DE       44        4       0
                text41                             5A8C     5A8C       28        4       0
                text40                             5B74     5B74       22        4       0
                text39                             5C12     5C12        E        4       0
                text38                             25F6     25F6      5C0        4       0
                text37                             579A     579A       44        4       0
                text36                             41EE     41EE      1B2        4       0
                text35                             58A2     58A2       38        4       0
                text34                             59A6     59A6       30        4       0
                text33                             5528     5528       6E        4       0
                text32                             5BEC     5BEC       14        4       0
                text31                             5C5E     5C5E        8        4       0
                text30                             5C56     5C56        8        4       0
                text29                             5C3A     5C3A        A        4       0
                text28                             5A62     5A62       2A        4       0
                text27                             5822     5822       42        4       0
                text26                             35FE     35FE      508        4       0
                text25                             5944     5944       32        4       0
                text24                             5BB4     5BB4       1C        4       0
                text23                             5752     5752       48        4       0
                text22                             5B96     5B96       1E        4       0
                text21                             52B2     52B2       8E        4       0
                text20                             3B06     3B06      432        4       0
                text19                             4F06     4F06       AC        4       0
                text18                             2BB6     2BB6      530        4       0
                text17                             454E     454E      13E        4       0
                text16                             4E56     4E56       B0        4       0
                text15                             43A0     43A0      1AE        4       0
                text14                             4A78     4A78       E8        4       0
                text13                             5220     5220       92        4       0
                text12                             4982     4982       F6        4       0
                text11                             4792     4792       F8        4       0
                text10                             5B04     5B04       26        4       0
                text9                              50EC     50EC       9A        4       0
                text8                              30E6     30E6      518        4       0
                text7                              5912     5912       32        4       0
                text6                              5C4E     5C4E        8        4       0
                text5                              56AE     56AE       52        4       0
                text4                              4FB2     4FB2       9E        4       0
                text3                              1624     1624      FD2        4       0
                text2                              468C     468C      106        4       0
                text1                              5976     5976       30        4       0
                text0                                12       12     1612        4       0
                cstackCOMRAM                          1        1       30        1       1
                cstackBANK0                          60       60       93       60       1
                bssBANK2                            200      200       CD      200       1
                dataBANK1                           1E6      1E6        C      100       1
                bssBANK1                            100      100       E6      100       1
                dataBANK0                            FD       FD        3       60       1
                bssBANK0                             F3       F3        A       60       1
                dataCOMRAM                           5C       5C        3        1       1
                bssCOMRAM                            31       31       2A        1       1
                bitbssCOMRAM                        2D8       5B        3        1       1     8
                cinit                              5050     5050       9C        4       0
                idataBANK1                         5C2E     5C2E        C        4       0
                idataBANK0                         5C79     5C79        3        4       0
                idataCOMRAM                        5C76     5C76        3        4       0

TOTAL           Name                               Link     Load   Length     Space
        CLASS   STACK          

        CLASS   CODE           
                intcode                               8        8        6         0
                init                                  E        E        4         0
                reset_vec                             0        0        4         0
                text72                             5C00     5C00       12         0
                text71                             5A34     5A34       2E         0
                text70                             5C6E     5C6E        8         0
                text69                             5C66     5C66        8         0
                text68                             5C44     5C44        A         0
                text67                             5ADC     5ADC       28         0
                text66                             5700     5700       52         0
                text65                             5596     5596       6E         0
                text64                             5B50     5B50       24         0
                text63                             58DA     58DA       38         0
                text62                             5186     5186       9A         0
                text61                             3F38     3F38      2B6         0
                intcode_body                       4C26     4C26       C0         0
                text59                             53C4     53C4       84         0
                text58                             54B8     54B8       70         0
                text57                             59D6     59D6       30         0
                text56                             5B2A     5B2A       26         0
                text55                             5C20     5C20        E         0
                text54                             5340     5340       84         0
                text53                             5BD0     5BD0       1C         0
                text52                             4DA2     4DA2       B4         0
                text51                             5864     5864       3E         0
                text50                             5A06     5A06       2E         0
                text49                             4B60     4B60       C6         0
                text48                             5448     5448       70         0
                text47                             5604     5604       56         0
                text46                             488A     488A       F8         0
                text45                             4CE6     4CE6       BC         0
                text44                             5AB4     5AB4       28         0
                text43                             565A     565A       54         0
                text42                             57DE     57DE       44         0
                text41                             5A8C     5A8C       28         0
                text40                             5B74     5B74       22         0
                text39                             5C12     5C12        E         0
                text38                             25F6     25F6      5C0         0
                text37                             579A     579A       44         0
                text36                             41EE     41EE      1B2         0
                text35                             58A2     58A2       38         0
                text34                             59A6     59A6       30         0
                text33                             5528     5528       6E         0
                text32                             5BEC     5BEC       14         0
                text31                             5C5E     5C5E        8         0
                text30                             5C56     5C56        8         0
                text29                             5C3A     5C3A        A         0
                text28                             5A62     5A62       2A         0
                text27                             5822     5822       42         0
                text26                             35FE     35FE      508         0
                text25                             5944     5944       32         0
                text24                             5BB4     5BB4       1C         0
                text23                             5752     5752       48         0
                text22                             5B96     5B96       1E         0
                text21                             52B2     52B2       8E         0
                text20                             3B06     3B06      432         0
                text19                             4F06     4F06       AC         0
                text18                             2BB6     2BB6      530         0
                text17                             454E     454E      13E         0
                text16                             4E56     4E56       B0         0
                text15                             43A0     43A0      1AE         0
                text14                             4A78     4A78       E8         0
                text13                             5220     5220       92         0
                text12                             4982     4982       F6         0
                text11                             4792     4792       F8         0
                text10                             5B04     5B04       26         0
                text9                              50EC     50EC       9A         0
                text8                              30E6     30E6      518         0
                text7                              5912     5912       32         0
                text6                              5C4E     5C4E        8         0
                text5                              56AE     56AE       52         0
                text4                              4FB2     4FB2       9E         0
                text3                              1624     1624      FD2         0
                text2                              468C     468C      106         0
                text1                              5976     5976       30         0
                text0                                12       12     1612         0
                cinit                              5050     5050       9C         0
                idataBANK1                         5C2E     5C2E        C         0
                idataBANK0                         5C79     5C79        3         0
                idataCOMRAM                        5C76     5C76        3         0

        CLASS   CONST          

        CLASS   SMALLCONST     

        CLASS   MEDIUMCONST    
                mediumconst                        782C     782C      7D4         0

        CLASS   COMRAM         
                temp                                 5F       5F        1         1
                cstackCOMRAM                          1        1       30         1
                dataCOMRAM                           5C       5C        3         1
                bssCOMRAM                            31       31       2A         1
                bitbssCOMRAM                        2D8       5B        3         1

        CLASS   ABS1           

        CLASS   BIGRAM         

        CLASS   RAM            

        CLASS   BANK0          
                cstackBANK0                          60       60       93         1
                dataBANK0                            FD       FD        3         1
                bssBANK0                             F3       F3        A         1

        CLASS   BANK1          
                dataBANK1                           1E6      1E6        C         1
                bssBANK1                            100      100       E6         1

        CLASS   BANK2          
                bssBANK2                            200      200       CD         1

        CLASS   BANK3          

        CLASS   BANK4          

        CLASS   BANK5          

        CLASS   BANK6          

        CLASS   BANK7          

        CLASS   SFR            

        CLASS   FARRAM         

        CLASS   CONFIG         
                config                           300000   300000        E         0

        CLASS   IDLOC          
                idloc                            200000   200000        8         0

        CLASS   EEDATA         



SEGMENTS        Name                           Load    Length   Top    Selector   Space  Class

                reset_vec                      000000  000004  000004         0       0  CODE    
                cstackCOMRAM                   000001  00005F  000060         1       1  COMRAM  
                intcode                        000008  005C74  005C7C         4       0  CODE    
                cstackBANK0                    000060  0000A0  000100        60       1  BANK0   
                bssBANK1                       000100  0000F2  0001F2       100       1  BANK1   
                bssBANK2                       000200  0000CD  0002CD       200       1  BANK2   
                mediumconst                    00782C  0007D4  008000      3C16       0  MEDIUMCO
                idloc                          200000  000008  200008    200000       0  IDLOC   
                config                         300000  00000E  30000E    300000       0  CONFIG  


UNUSED ADDRESS RANGES

        Name                Unused          Largest block    Delta
        BANK1            0001F2-0001FF                E
        BANK2            0002CD-0002FF               33
        BANK3            000300-0003FF              100
        BANK4            000400-0004FF              100
        BANK5            000500-0005FF              100
        BANK6            000600-0006FF              100
        BANK7            000700-0007FF              100
        BIGRAM           0001F2-0001FF                E
                         0002CD-0007FF              533
        CODE             000004-000007                4
                         005C7C-00782B             1BB0
        CONST            000004-000007                4
                         005C7C-00782B             1BB0
        EEDATA           F00000-F000FF              100
        MEDIUMCONST      005C7C-00782B             1BB0
        RAM              0001F2-0001FF                E
                         0002CD-0007FF              100
        SFR              000F60-000FFF               A0
        SMALLCONST       005C7C-00782B              100
        STACK            0002CD-0007FF              533

                                  Symbol Table

?_I2C_Read                              cstackBANK0  000061
?___ftadd                               cstackBANK0  00007B
?___ftdiv                               cstackBANK0  000087
?___ftmul                               cstackBANK0  00006C
?___ftpack                              cstackBANK0  000060
?___fttol                               cstackBANK0  000096
?___lldiv                               cstackBANK0  000060
?___lwdiv                               cstackBANK0  000060
?___lwmod                               cstackBANK0  000067
?___lwtoft                              cstackBANK0  000069
?___wmul                                cstackBANK0  000060
?__doprnt                               cstackBANK0  00006C
?_climaAtual                            cstackBANK0  000060
?_faseAtual                             cstackBANK0  000060
?_printf                                cstackBANK0  000081
?_readADC                               cstackBANK0  000060
?_sprintf                               cstackBANK0  000081
?_strchr                                cstackBANK0  000060
?_strlen                                cstackBANK0  000060
?_strncmp                               cstackBANK0  000066
?_strstr                                cstackBANK0  00006F
?_tabelaUmidade                         cstackBANK0  000060
?i2_I2C_Read                            cstackCOMRAM 000002
?i2_strlen                              cstackCOMRAM 000001
I2C_Master_Init@c                       cstackBANK0  00006D
I2C_Read@a                              cstackBANK0  000061
I2C_Read@temp                           cstackBANK0  000063
I2C_Write@d                             cstackBANK0  000061
Lcd_Cmd@a                               cstackBANK0  000062
Lcd_Port@a                              cstackBANK0  000060
Lcd_Set_Cursor@a                        cstackBANK0  000064
Lcd_Set_Cursor@b                        cstackBANK0  000063
Lcd_Set_Cursor@temp                     cstackBANK0  000067
Lcd_Set_Cursor@y                        cstackBANK0  000066
Lcd_Set_Cursor@z                        cstackBANK0  000065
Lcd_Write_Char@a                        cstackBANK0  000063
Lcd_Write_Char@tempp                    cstackBANK0  000061
Lcd_Write_Char@y                        cstackBANK0  000062
Lcd_Write_String@a                      cstackBANK0  000064
Lcd_Write_String@i                      cstackBANK0  000066
TIMER0@c                                cstackCOMRAM 000030
_ACKDT                                  (abs)        007E2D
_ACKEN                                  (abs)        007E2C
_ADCON0                                 (abs)        000FC2
_ADCON0bits                             (abs)        000FC2
_ADCON1                                 (abs)        000FC1
_ADCON2                                 (abs)        000FC0
_ADON                                   (abs)        007E10
_ADRESH                                 (abs)        000FC4
_ADRESL                                 (abs)        000FC3
_GO                                     (abs)        007E11
_I2C_Master_Init                        text58       0054B8
_I2C_Read                               text7        005912
_I2C_Restart                            text6        005C4E
_I2C_Start                              text31       005C5E
_I2C_Stop                               text30       005C56
_I2C_Wait                               text32       005BEC
_I2C_Write                              text29       005C3A
_INT2IF                                 (abs)        007F81
_INTCON                                 (abs)        000FF2
_INTCON2bits                            (abs)        000FF1
_INTCON3bits                            (abs)        000FF0
_INTCONbits                             (abs)        000FF2
_LATAbits                               (abs)        000F89
_LATBbits                               (abs)        000F8A
_LATCbits                               (abs)        000F8B
_LATDbits                               (abs)        000F8C
_LATEbits                               (abs)        000F8D
_Lcd_Clear                              text55       005C20
_Lcd_Cmd                                text56       005B2A
_Lcd_Init                               text54       005340
_Lcd_Port                               text57       0059D6
_Lcd_Set_Cursor                         text52       004DA2
_Lcd_Write_Char                         text51       005864
_Lcd_Write_String                       text50       005A06
_PEN                                    (abs)        007E2A
_PIE1bits                               (abs)        000F9D
_PIR1bits                               (abs)        000F9E
_PORTAbits                              (abs)        000F80
_PORTBbits                              (abs)        000F81
_PORTCbits                              (abs)        000F82
_PORTDbits                              (abs)        000F83
_PORTEbits                              (abs)        000F84
_RCEN                                   (abs)        007E2B
_RCIF                                   (abs)        007CF5
_RCREG                                  (abs)        000FAE
_RCSTAbits                              (abs)        000FAB
_RSEN                                   (abs)        007E29
_SEN                                    (abs)        007E28
_SPBRG                                  (abs)        000FAF
_SSPADD                                 (abs)        000FC8
_SSPBUF                                 (abs)        000FC9
_SSPCON1                                (abs)        000FC6
_SSPCON2                                (abs)        000FC5
_SSPSTAT                                (abs)        000FC7
_T0CON                                  (abs)        000FD5
_TIMER0                                 intcode      000008
_TMR0H                                  (abs)        000FD7
_TMR0IF                                 (abs)        007F92
_TMR0L                                  (abs)        000FD6
_TRISAbits                              (abs)        000F92
_TRISBbits                              (abs)        000F93
_TRISCbits                              (abs)        000F94
_TRISDbits                              (abs)        000F95
_TRISEbits                              (abs)        000F96
_TXREG                                  (abs)        000FAD
_TXSTAbits                              (abs)        000FAC
_UART_Init                              text53       005BD0
__BF_current                            bssCOMRAM    00003F
__BF_enable_receive                     bssCOMRAM    000041
__BF_i_count                            bssCOMRAM    000040
__BF_start                              bssBANK1     0001D8
__CFG_BOR$ON                            (abs)        000000
__CFG_BORV$3                            (abs)        000000
__CFG_CCP2MX$ON                         (abs)        000000
__CFG_CP0$OFF                           (abs)        000000
__CFG_CP1$OFF                           (abs)        000000
__CFG_CP2$OFF                           (abs)        000000
__CFG_CP3$OFF                           (abs)        000000
__CFG_CPB$OFF                           (abs)        000000
__CFG_CPD$OFF                           (abs)        000000
__CFG_CPUDIV$OSC1_PLL2                  (abs)        000000
__CFG_EBTR0$OFF                         (abs)        000000
__CFG_EBTR1$OFF                         (abs)        000000
__CFG_EBTR2$OFF                         (abs)        000000
__CFG_EBTR3$OFF                         (abs)        000000
__CFG_EBTRB$OFF                         (abs)        000000
__CFG_FCMEN$OFF                         (abs)        000000
__CFG_FOSC$HS                           (abs)        000000
__CFG_ICPRT$OFF                         (abs)        000000
__CFG_IESO$OFF                          (abs)        000000
__CFG_LPT1OSC$OFF                       (abs)        000000
__CFG_LVP$OFF                           (abs)        000000
__CFG_MCLRE$ON                          (abs)        000000
__CFG_PBADEN$ON                         (abs)        000000
__CFG_PLLDIV$1                          (abs)        000000
__CFG_PWRT$OFF                          (abs)        000000
__CFG_STVREN$ON                         (abs)        000000
__CFG_USBDIV$1                          (abs)        000000
__CFG_VREGEN$OFF                        (abs)        000000
__CFG_WDT$ON                            (abs)        000000
__CFG_WDTPS$1024                        (abs)        000000
__CFG_WRT0$OFF                          (abs)        000000
__CFG_WRT1$OFF                          (abs)        000000
__CFG_WRT2$OFF                          (abs)        000000
__CFG_WRT3$OFF                          (abs)        000000
__CFG_WRTB$OFF                          (abs)        000000
__CFG_WRTC$OFF                          (abs)        000000
__CFG_WRTD$OFF                          (abs)        000000
__CFG_XINST$OFF                         (abs)        000000
__HRAM                                  (abs)        000000
__Habs1                                 abs1         000000
__Hbank0                                bank0        000000
__Hbank1                                bank1        000000
__Hbank2                                bank2        000000
__Hbank3                                bank3        000000
__Hbank4                                bank4        000000
__Hbank5                                bank5        000000
__Hbank6                                bank6        000000
__Hbank7                                bank7        000000
__Hbigbss                               bigbss       000000
__Hbigdata                              bigdata      000000
__Hbigram                               bigram       000000
__HbitbssCOMRAM                         bitbssCOMRAM 000000
__Hbss                                  bss          000000
__HbssBANK0                             bssBANK0     000000
__HbssBANK1                             bssBANK1     000000
__HbssBANK2                             bssBANK2     000000
__HbssCOMRAM                            bssCOMRAM    000000
__Hcinit                                cinit        000000
__Hclrtext                              clrtext      000000
__Hcomram                               comram       000000
__Hconfig                               config       30000E
__Hconst                                const        000000
__HcstackBANK0                          cstackBANK0  000000
__HcstackCOMRAM                         cstackCOMRAM 000000
__Hdata                                 data         000000
__HdataBANK0                            dataBANK0    000000
__HdataBANK1                            dataBANK1    000000
__HdataCOMRAM                           dataCOMRAM   000000
__Heeprom_data                          eeprom_data  000000
__Hfarbss                               farbss       000000
__Hfardata                              fardata      000000
__Hibigdata                             ibigdata     000000
__Hidata                                idata        000000
__HidataBANK0                           idataBANK0   000000
__HidataBANK1                           idataBANK1   000000
__HidataCOMRAM                          idataCOMRAM  000000
__Hidloc                                idloc        200008
__Hifardata                             ifardata     000000
__Hinit                                 init         000012
__Hintcode                              intcode      00000E
__Hintcode_body                         intcode_body 000000
__Hintcodelo                            intcodelo    00000E
__Hintentry                             intentry     000000
__Hintret                               intret       000000
__Hintsave_regs                         intsave_regs 000000
__Hirdata                               irdata       000000
__Hmediumconst                          mediumconst  008000
__HnvFARRAM                             nvFARRAM     000000
__Hnvbit                                nvbit        000000
__Hnvrram                               nvrram       000000
__Hparam                                rparam       000000
__Hpowerup                              powerup      00000E
__Hram                                  ram          000000
__Hramtop                               ramtop       000800
__Hrbit                                 rbit         000000
__Hrbss                                 rbss         000000
__Hrdata                                rdata        000000
__Hreset_vec                            reset_vec    000004
__Hrparam                               rparam       000000
__Hsfr                                  sfr          000000
__Hsmallconst                           smallconst   000000
__Hspace_0                              (abs)        30000E
__Hspace_1                              (abs)        0002DB
__Hspace_2                              (abs)        000000
__Hstack                                stack        000000
__Hstruct                               struct       000000
__Htemp                                 temp         000060
__Htext                                 text         000000
__Htext0                                text0        000000
__Htext1                                text1        000000
__Htext10                               text10       000000
__Htext11                               text11       000000
__Htext12                               text12       000000
__Htext13                               text13       000000
__Htext14                               text14       000000
__Htext15                               text15       000000
__Htext16                               text16       000000
__Htext17                               text17       000000
__Htext18                               text18       000000
__Htext19                               text19       000000
__Htext2                                text2        000000
__Htext20                               text20       000000
__Htext21                               text21       000000
__Htext22                               text22       000000
__Htext23                               text23       000000
__Htext24                               text24       000000
__Htext25                               text25       000000
__Htext26                               text26       000000
__Htext27                               text27       000000
__Htext28                               text28       000000
__Htext29                               text29       000000
__Htext3                                text3        000000
__Htext30                               text30       000000
__Htext31                               text31       000000
__Htext32                               text32       000000
__Htext33                               text33       000000
__Htext34                               text34       000000
__Htext35                               text35       000000
__Htext36                               text36       000000
__Htext37                               text37       000000
__Htext38                               text38       000000
__Htext39                               text39       000000
__Htext4                                text4        000000
__Htext40                               text40       000000
__Htext41                               text41       000000
__Htext42                               text42       000000
__Htext43                               text43       000000
__Htext44                               text44       000000
__Htext45                               text45       000000
__Htext46                               text46       000000
__Htext47                               text47       000000
__Htext48                               text48       000000
__Htext49                               text49       000000
__Htext5                                text5        000000
__Htext50                               text50       000000
__Htext51                               text51       000000
__Htext52                               text52       000000
__Htext53                               text53       000000
__Htext54                               text54       000000
__Htext55                               text55       000000
__Htext56                               text56       000000
__Htext57                               text57       000000
__Htext58                               text58       000000
__Htext59                               text59       000000
__Htext6                                text6        000000
__Htext61                               text61       000000
__Htext62                               text62       000000
__Htext63                               text63       000000
__Htext64                               text64       000000
__Htext65                               text65       000000
__Htext66                               text66       000000
__Htext67                               text67       000000
__Htext68                               text68       000000
__Htext69                               text69       000000
__Htext7                                text7        000000
__Htext70                               text70       000000
__Htext71                               text71       000000
__Htext72                               text72       000000
__Htext73                               text73       000000
__Htext8                                text8        000000
__Htext9                                text9        000000
__LRAM                                  (abs)        000001
__Labs1                                 abs1         000000
__Lbank0                                bank0        000000
__Lbank1                                bank1        000000
__Lbank2                                bank2        000000
__Lbank3                                bank3        000000
__Lbank4                                bank4        000000
__Lbank5                                bank5        000000
__Lbank6                                bank6        000000
__Lbank7                                bank7        000000
__Lbigbss                               bigbss       000000
__Lbigdata                              bigdata      000000
__Lbigram                               bigram       000000
__LbitbssCOMRAM                         bitbssCOMRAM 000000
__Lbss                                  bss          000000
__LbssBANK0                             bssBANK0     000000
__LbssBANK1                             bssBANK1     000000
__LbssBANK2                             bssBANK2     000000
__LbssCOMRAM                            bssCOMRAM    000000
__Lcinit                                cinit        000000
__Lclrtext                              clrtext      000000
__Lcomram                               comram       000000
__Lconfig                               config       300000
__Lconst                                const        000000
__LcstackBANK0                          cstackBANK0  000000
__LcstackCOMRAM                         cstackCOMRAM 000000
__Ldata                                 data         000000
__LdataBANK0                            dataBANK0    000000
__LdataBANK1                            dataBANK1    000000
__LdataCOMRAM                           dataCOMRAM   000000
__Leeprom_data                          eeprom_data  000000
__Lfarbss                               farbss       000000
__Lfardata                              fardata      000000
__Libigdata                             ibigdata     000000
__Lidata                                idata        000000
__LidataBANK0                           idataBANK0   000000
__LidataBANK1                           idataBANK1   000000
__LidataCOMRAM                          idataCOMRAM  000000
__Lidloc                                idloc        200000
__Lifardata                             ifardata     000000
__Linit                                 init         00000E
__Lintcode                              intcode      000008
__Lintcode_body                         intcode_body 000000
__Lintcodelo                            intcodelo    00000E
__Lintentry                             intentry     000000
__Lintret                               intret       000000
__Lintsave_regs                         intsave_regs 000000
__Lirdata                               irdata       000000
__Lmediumconst                          mediumconst  00782C
__LnvFARRAM                             nvFARRAM     000000
__Lnvbit                                nvbit        000000
__Lnvrram                               nvrram       000000
__Lparam                                rparam       000000
__Lpowerup                              powerup      00000E
__Lram                                  ram          000000
__Lramtop                               ramtop       000800
__Lrbit                                 rbit         000000
__Lrbss                                 rbss         000000
__Lrdata                                rdata        000000
__Lreset_vec                            reset_vec    000000
__Lrparam                               rparam       000000
__Lsfr                                  sfr          000000
__Lsmallconst                           smallconst   000000
__Lspace_0                              (abs)        000000
__Lspace_1                              (abs)        000000
__Lspace_2                              (abs)        000000
__Lstack                                stack        000000
__Lstruct                               struct       000000
__Ltemp                                 temp         00005F
__Ltext                                 text         000000
__Ltext0                                text0        000000
__Ltext1                                text1        000000
__Ltext10                               text10       000000
__Ltext11                               text11       000000
__Ltext12                               text12       000000
__Ltext13                               text13       000000
__Ltext14                               text14       000000
__Ltext15                               text15       000000
__Ltext16                               text16       000000
__Ltext17                               text17       000000
__Ltext18                               text18       000000
__Ltext19                               text19       000000
__Ltext2                                text2        000000
__Ltext20                               text20       000000
__Ltext21                               text21       000000
__Ltext22                               text22       000000
__Ltext23                               text23       000000
__Ltext24                               text24       000000
__Ltext25                               text25       000000
__Ltext26                               text26       000000
__Ltext27                               text27       000000
__Ltext28                               text28       000000
__Ltext29                               text29       000000
__Ltext3                                text3        000000
__Ltext30                               text30       000000
__Ltext31                               text31       000000
__Ltext32                               text32       000000
__Ltext33                               text33       000000
__Ltext34                               text34       000000
__Ltext35                               text35       000000
__Ltext36                               text36       000000
__Ltext37                               text37       000000
__Ltext38                               text38       000000
__Ltext39                               text39       000000
__Ltext4                                text4        000000
__Ltext40                               text40       000000
__Ltext41                               text41       000000
__Ltext42                               text42       000000
__Ltext43                               text43       000000
__Ltext44                               text44       000000
__Ltext45                               text45       000000
__Ltext46                               text46       000000
__Ltext47                               text47       000000
__Ltext48                               text48       000000
__Ltext49                               text49       000000
__Ltext5                                text5        000000
__Ltext50                               text50       000000
__Ltext51                               text51       000000
__Ltext52                               text52       000000
__Ltext53                               text53       000000
__Ltext54                               text54       000000
__Ltext55                               text55       000000
__Ltext56                               text56       000000
__Ltext57                               text57       000000
__Ltext58                               text58       000000
__Ltext59                               text59       000000
__Ltext6                                text6        000000
__Ltext61                               text61       000000
__Ltext62                               text62       000000
__Ltext63                               text63       000000
__Ltext64                               text64       000000
__Ltext65                               text65       000000
__Ltext66                               text66       000000
__Ltext67                               text67       000000
__Ltext68                               text68       000000
__Ltext69                               text69       000000
__Ltext7                                text7        000000
__Ltext70                               text70       000000
__Ltext71                               text71       000000
__Ltext72                               text72       000000
__Ltext73                               text73       000000
__Ltext8                                text8        000000
__Ltext9                                text9        000000
__S0                                    (abs)        30000E
__S1                                    (abs)        0002CD
__S2                                    (abs)        000000
___ftadd                                text15       0043A0
___ftadd@exp1                           cstackBANK0  000086
___ftadd@exp2                           cstackBANK0  000085
___ftadd@f1                             cstackBANK0  00007B
___ftadd@f2                             cstackBANK0  00007E
___ftadd@sign                           cstackBANK0  000084
___ftdiv                                text14       004A78
___ftdiv@cntr                           cstackBANK0  000090
___ftdiv@exp                            cstackBANK0  000094
___ftdiv@f1                             cstackBANK0  000087
___ftdiv@f2                             cstackBANK0  00008A
___ftdiv@f3                             cstackBANK0  000091
___ftdiv@sign                           cstackBANK0  000095
___ftge                                 text13       005220
___ftge@ff1                             cstackBANK0  000060
___ftge@ff2                             cstackBANK0  000063
___ftmul                                text12       004982
___ftmul@cntr                           cstackBANK0  000079
___ftmul@exp                            cstackBANK0  000075
___ftmul@f1                             cstackBANK0  00006C
___ftmul@f2                             cstackBANK0  00006F
___ftmul@f3_as_product                  cstackBANK0  000076
___ftmul@sign                           cstackBANK0  00007A
___ftpack                               text16       004E56
___ftpack@arg                           cstackBANK0  000060
___ftpack@exp                           cstackBANK0  000063
___ftpack@sign                          cstackBANK0  000064
___fttol                                text11       004792
___fttol@exp1                           cstackBANK0  0000A4
___fttol@f1                             cstackBANK0  000096
___fttol@lval                           cstackBANK0  0000A0
___fttol@sign1                          cstackBANK0  00009F
___inthi_sp                             stack        000000
___intlo_sp                             stack        000000
___lldiv                                text59       0053C4
___lldiv@counter                        cstackBANK0  00006C
___lldiv@dividend                       cstackBANK0  000060
___lldiv@divisor                        cstackBANK0  000064
___lldiv@quotient                       cstackBANK0  000068
___lwdiv                                text43       00565A
___lwdiv@counter                        cstackBANK0  000066
___lwdiv@dividend                       cstackBANK0  000060
___lwdiv@divisor                        cstackBANK0  000062
___lwdiv@quotient                       cstackBANK0  000064
___lwmod                                text42       0057DE
___lwmod@counter                        cstackBANK0  00006B
___lwmod@dividend                       cstackBANK0  000067
___lwmod@divisor                        cstackBANK0  000069
___lwtoft                               text10       005B04
___lwtoft@c                             cstackBANK0  000069
___param_bank                           (abs)        000000
___rparam_used                          (abs)        000001
___sp                                   stack        000000
___wmul                                 text41       005A8C
___wmul@multiplicand                    cstackBANK0  000062
___wmul@multiplier                      cstackBANK0  000060
___wmul@product                         cstackBANK0  000064
__acao_flap                             bssCOMRAM    00003C
__accesstop                             (abs)        000060
__activetblptr                          (abs)        000002
__doprnt                                text38       0025F6
__doprnt@ap                             cstackBANK0  000070
__doprnt@c                              cstackBANK0  000080
__doprnt@cp                             cstackBANK0  00007C
__doprnt@f                              cstackBANK0  00006E
__doprnt@flag                           cstackBANK0  000077
__doprnt@len                            cstackBANK0  00007A
__doprnt@pb                             cstackBANK0  00006C
__doprnt@prec                           cstackBANK0  000076
__doprnt@val                            cstackBANK0  000078
__doprnt@width                          cstackBANK0  00007E
__end_of_I2C_Master_Init                text58       005528
__end_of_I2C_Read                       text7        005944
__end_of_I2C_Restart                    text6        005C56
__end_of_I2C_Start                      text31       005C66
__end_of_I2C_Stop                       text30       005C5E
__end_of_I2C_Wait                       text32       005C00
__end_of_I2C_Write                      text29       005C44
__end_of_Lcd_Clear                      text55       005C2E
__end_of_Lcd_Cmd                        text56       005B50
__end_of_Lcd_Init                       text54       0053C4
__end_of_Lcd_Port                       text57       005A06
__end_of_Lcd_Set_Cursor                 text52       004E56
__end_of_Lcd_Write_Char                 text51       0058A2
__end_of_Lcd_Write_String               text50       005A34
__end_of_TIMER0                         intcode_body 004CE6
__end_of_UART_Init                      text53       005BEC
__end_of___ftadd                        text15       00454E
__end_of___ftdiv                        text14       004B60
__end_of___ftge                         text13       0052B2
__end_of___ftmul                        text12       004A78
__end_of___ftpack                       text16       004F06
__end_of___fttol                        text11       00488A
__end_of___lldiv                        text59       005448
__end_of___lwdiv                        text43       0056AE
__end_of___lwmod                        text42       005822
__end_of___lwtoft                       text10       005B2A
__end_of___wmul                         text41       005AB4
__end_of__doprnt                        text38       002BB6
__end_of__initialization                cinit        0050DE
__end_of_acaoFlap                       text21       005340
__end_of_alterarDadosConexaoConfigWifi  text26       003B06
__end_of_atualizaLCD                    text49       004C26
__end_of_blink                          text25       005976
__end_of_btPress                        text24       005BD0
__end_of_climaAtual                     text23       00579A
__end_of_controle                       text20       003F38
__end_of_criaCaracteresCGRAM            text19       004FB2
__end_of_delay                          text28       005A8C
__end_of_dpowers                        mediumconst  00786F
__end_of_enviaDadosWifi                 text18       0030E6
__end_of_faseAtual                      text17       00468C
__end_of_findBufferSerial               text44       005ADC
__end_of_getSensors                     text8        0035FE
__end_of_getStringJSON                  text36       0043A0
__end_of_isdigit                        text40       005B96
__end_of_main                           text0        001624
__end_of_memset                         text34       0059D6
__end_of_printf                         text35       0058DA
__end_of_putch                          text39       005C20
__end_of_readADC                        text9        005186
__end_of_readButtons                    text67       005B04
__end_of_readEEPROM_ext                 text5        005700
__end_of_receiveByteSerial              text65       005604
__end_of_setKeyStartReceiveSerial       text33       005596
__end_of_setLed                         text22       005BB4
__end_of_setRangeValor                  text4        005050
__end_of_setUmidade                     text2        004792
__end_of_sprintf                        text37       0057DE
__end_of_strchr                         text48       0054B8
__end_of_strlen                         text47       00565A
__end_of_strncmp                        text46       004982
__end_of_strstr                         text45       004DA2
__end_of_tabelaUmidade                  text3        0025F6
__end_of_timer                          text61       0041EE
__end_of_updateLeds                     text1        0059A6
__end_of_writeEEPROM_ext                text27       005864
__end_ofcriaCaracteresCGRAM@F3900       mediumconst  007865
__end_ofi2_I2C_Read                     text71       005A62
__end_ofi2_I2C_Start                    text70       005C76
__end_ofi2_I2C_Stop                     text69       005C6E
__end_ofi2_I2C_Wait                     text72       005C12
__end_ofi2_I2C_Write                    text68       005C4E
__end_ofi2_delay                        text64       005B74
__end_ofi2_setRangeValor                text62       005220
__end_ofi2_strlen                       text66       005752
__end_ofi2_writeEEPROM_ext              text63       005912
__initialization                        cinit        005050
__led                                   dataCOMRAM   00005C
__mediumconst                           mediumconst  00782C
__pbitbssCOMRAM                         bitbssCOMRAM 0002D8
__pbssBANK0                             bssBANK0     0000F3
__pbssBANK1                             bssBANK1     000100
__pbssBANK2                             bssBANK2     000200
__pbssCOMRAM                            bssCOMRAM    000031
__pcinit                                cinit        005050
__pcstackBANK0                          cstackBANK0  000060
__pcstackCOMRAM                         cstackCOMRAM 000001
__pdataBANK0                            dataBANK0    0000FD
__pdataBANK1                            dataBANK1    0001E6
__pdataCOMRAM                           dataCOMRAM   00005C
__pidataBANK0                           idataBANK0   005C79
__pidataBANK1                           idataBANK1   005C2E
__pidataCOMRAM                          idataCOMRAM  005C76
__pintcode                              intcode      000008
__pintcode_body                         intcode_body 004C26
__pmediumconst                          mediumconst  00782C
__ptext0                                text0        000012
__ptext1                                text1        005976
__ptext10                               text10       005B04
__ptext11                               text11       004792
__ptext12                               text12       004982
__ptext13                               text13       005220
__ptext14                               text14       004A78
__ptext15                               text15       0043A0
__ptext16                               text16       004E56
__ptext17                               text17       00454E
__ptext18                               text18       002BB6
__ptext19                               text19       004F06
__ptext2                                text2        00468C
__ptext20                               text20       003B06
__ptext21                               text21       0052B2
__ptext22                               text22       005B96
__ptext23                               text23       005752
__ptext24                               text24       005BB4
__ptext25                               text25       005944
__ptext26                               text26       0035FE
__ptext27                               text27       005822
__ptext28                               text28       005A62
__ptext29                               text29       005C3A
__ptext3                                text3        001624
__ptext30                               text30       005C56
__ptext31                               text31       005C5E
__ptext32                               text32       005BEC
__ptext33                               text33       005528
__ptext34                               text34       0059A6
__ptext35                               text35       0058A2
__ptext36                               text36       0041EE
__ptext37                               text37       00579A
__ptext38                               text38       0025F6
__ptext39                               text39       005C12
__ptext4                                text4        004FB2
__ptext40                               text40       005B74
__ptext41                               text41       005A8C
__ptext42                               text42       0057DE
__ptext43                               text43       00565A
__ptext44                               text44       005AB4
__ptext45                               text45       004CE6
__ptext46                               text46       00488A
__ptext47                               text47       005604
__ptext48                               text48       005448
__ptext49                               text49       004B60
__ptext5                                text5        0056AE
__ptext50                               text50       005A06
__ptext51                               text51       005864
__ptext52                               text52       004DA2
__ptext53                               text53       005BD0
__ptext54                               text54       005340
__ptext55                               text55       005C20
__ptext56                               text56       005B2A
__ptext57                               text57       0059D6
__ptext58                               text58       0054B8
__ptext59                               text59       0053C4
__ptext6                                text6        005C4E
__ptext61                               text61       003F38
__ptext62                               text62       005186
__ptext63                               text63       0058DA
__ptext64                               text64       005B50
__ptext65                               text65       005596
__ptext66                               text66       005700
__ptext67                               text67       005ADC
__ptext68                               text68       005C44
__ptext69                               text69       005C66
__ptext7                                text7        005912
__ptext70                               text70       005C6E
__ptext71                               text71       005A34
__ptext72                               text72       005C00
__ptext73                               text73       000000
__ptext8                                text8        0030E6
__ptext9                                text9        0050EC
__ramtop                                ramtop       000800
__sec                                   bssBANK1     000150
__size_of_I2C_Master_Init               (abs)        000000
__size_of_I2C_Read                      (abs)        000000
__size_of_I2C_Restart                   (abs)        000000
__size_of_I2C_Start                     (abs)        000000
__size_of_I2C_Stop                      (abs)        000000
__size_of_I2C_Wait                      (abs)        000000
__size_of_I2C_Write                     (abs)        000000
__size_of_Lcd_Clear                     (abs)        000000
__size_of_Lcd_Cmd                       (abs)        000000
__size_of_Lcd_Init                      (abs)        000000
__size_of_Lcd_Port                      (abs)        000000
__size_of_Lcd_Set_Cursor                (abs)        000000
__size_of_Lcd_Write_Char                (abs)        000000
__size_of_Lcd_Write_String              (abs)        000000
__size_of_TIMER0                        (abs)        000000
__size_of_UART_Init                     (abs)        000000
__size_of___ftadd                       (abs)        000000
__size_of___ftdiv                       (abs)        000000
__size_of___ftge                        (abs)        000000
__size_of___ftmul                       (abs)        000000
__size_of___ftpack                      (abs)        000000
__size_of___fttol                       (abs)        000000
__size_of___lldiv                       (abs)        000000
__size_of___lwdiv                       (abs)        000000
__size_of___lwmod                       (abs)        000000
__size_of___lwtoft                      (abs)        000000
__size_of___wmul                        (abs)        000000
__size_of__doprnt                       (abs)        000000
__size_of_acaoFlap                      (abs)        000000
__size_of_alterarDadosConexaoConfigWifi (abs)        000000
__size_of_atualizaLCD                   (abs)        000000
__size_of_blink                         (abs)        000000
__size_of_btPress                       (abs)        000000
__size_of_climaAtual                    (abs)        000000
__size_of_controle                      (abs)        000000
__size_of_criaCaracteresCGRAM           (abs)        000000
__size_of_delay                         (abs)        000000
__size_of_enviaDadosWifi                (abs)        000000
__size_of_faseAtual                     (abs)        000000
__size_of_findBufferSerial              (abs)        000000
__size_of_getSensors                    (abs)        000000
__size_of_getStringJSON                 (abs)        000000
__size_of_isdigit                       (abs)        000000
__size_of_main                          (abs)        000000
__size_of_memset                        (abs)        000000
__size_of_printf                        (abs)        000000
__size_of_putch                         (abs)        000000
__size_of_readADC                       (abs)        000000
__size_of_readButtons                   (abs)        000000
__size_of_readEEPROM_ext                (abs)        000000
__size_of_receiveByteSerial             (abs)        000000
__size_of_setKeyStartReceiveSerial      (abs)        000000
__size_of_setLed                        (abs)        000000
__size_of_setRangeValor                 (abs)        000000
__size_of_setUmidade                    (abs)        000000
__size_of_sprintf                       (abs)        000000
__size_of_strchr                        (abs)        000000
__size_of_strlen                        (abs)        000000
__size_of_strncmp                       (abs)        000000
__size_of_strstr                        (abs)        000000
__size_of_tabelaUmidade                 (abs)        000000
__size_of_timer                         (abs)        000000
__size_of_updateLeds                    (abs)        000000
__size_of_writeEEPROM_ext               (abs)        000000
__size_ofi2_I2C_Read                    (abs)        000000
__size_ofi2_I2C_Start                   (abs)        000000
__size_ofi2_I2C_Stop                    (abs)        000000
__size_ofi2_I2C_Wait                    (abs)        000000
__size_ofi2_I2C_Write                   (abs)        000000
__size_ofi2_delay                       (abs)        000000
__size_ofi2_setRangeValor               (abs)        000000
__size_ofi2_strlen                      (abs)        000000
__size_ofi2_writeEEPROM_ext             (abs)        000000
__smallconst                            smallconst   000000
__temp                                  bssBANK1     000121
__umid                                  bssBANK1     000100
_acaoFlap                               text21       0052B2
_ajuste_parametro                       bssCOMRAM    000044
_alterarDadosConexaoConfigWifi          text26       0035FE
_atualizaLCD                            text49       004B60
_base_sec                               bssCOMRAM    00004A
_blink                                  text25       005944
_blinkk                                 bitbssCOMRAM 0002DA
_btPress                                text24       005BB4
_bt_flag                                bssCOMRAM    000042
_bufferSerial                           bssBANK2     000269
_buzzer                                 bssBANK0     0000FC
_clima                                  bssBANK0     0000F5
_climaAtual                             text23       005752
_contador_fase_automatica               bitbssCOMRAM 0002D8
_controle                               text20       003B06
_criaCaracteresCGRAM                    text19       004F06
_criaCaracteresCGRAM$1229               cstackBANK0  00009F
_delay                                  text28       005A62
_dpowers                                mediumconst  007865
_enviaDadosWifi                         text18       002BB6
_enviaDadosWifi$2516                    cstackBANK0  0000D4
_f_buzzer_falta_energia                 bssCOMRAM    00003B
_f_falta_energia                        dataCOMRAM   00005E
_f_wifi_processo                        bssCOMRAM    00003D
_fase                                   bssBANK0     0000F6
_faseAtual                              text17       00454E
_findBufferSerial                       text44       005AB4
_fornalha                               bssCOMRAM    00005A
_getSensors                             text8        0030E6
_getSensors$1514                        cstackBANK0  0000AB
_getSensors$1516                        cstackBANK0  0000A5
_getSensors$1518                        cstackBANK0  0000A8
_getSensors$2517                        cstackBANK0  0000B0
_getStringJSON                          text36       0041EE
_h_abafador                             bssCOMRAM    000052
_h_buzzer                               bssCOMRAM    000050
_h_flap                                 bssCOMRAM    000051
_h_modo_seguranca                       bssBANK0     0000F7
_h_subir_temp_automatica                bssCOMRAM    00004F
_h_venotinha                            bssCOMRAM    000053
_hor                                    bssCOMRAM    000046
_ipServer                               bssBANK1     0001A6
_isdigit                                text40       005B74
_isdigit$2055                           cstackBANK0  000061
_lcd_rfsh                               bssBANK1     000151
_leds                                   bssCOMRAM    000043
_line1                                  bssBANK1     000191
_line2                                  bssBANK1     00017C
_line3                                  bssBANK1     000167
_line4                                  bssBANK1     000152
_main                                   text0        000012
_main$1626                              cstackBANK0  0000E4
_main$1627                              cstackBANK0  0000E6
_main$1630                              cstackBANK0  0000E8
_main$1635                              cstackBANK0  0000EA
_main$1642                              cstackBANK0  0000EC
_main$1647                              cstackBANK0  0000EE
_main$1652                              cstackBANK0  0000F0
_main$2518                              cstackBANK0  0000E2
_md_seguranca                           bitbssCOMRAM 0002D9
_media_adc                              bssCOMRAM    000035
_memset                                 text34       0059A6
_menu                                   dataBANK0    0000FD
_min                                    bssCOMRAM    000047
_opcaomenu                              bssCOMRAM    000045
_portServer                             bssBANK1     0001E2
_printf                                 text35       0058A2
_putch                                  text39       005C12
_readADC                                text9        0050EC
_readButtons                            text67       005ADC
_readEEPROM_ext                         text5        0056AE
_receiveByteSerial                      text65       005596
_sec                                    bssCOMRAM    000048
_senha                                  bssBANK1     0001BA
_senha_desbloqueio_func                 bssCOMRAM    00004D
_setKeyStartReceiveSerial               text33       005528
_setLed                                 text22       005B96
_setRangeValor                          text4        004FB2
_setUmidade                             text2        00468C
_setUmidade$1297                        cstackBANK0  00006F
_setUmidade$1298                        cstackBANK0  000071
_setUmidade$1299                        cstackBANK0  000073
_setUmidade$1300                        cstackBANK0  000075
_sprintf                                text37       00579A
_ssid                                   bssBANK1     0001C9
_strchr                                 text48       005448
_strlen                                 text47       005604
_strncmp                                text46       00488A
_strstr                                 text45       004CE6
_t_buzzer_religar                       dataBANK0    0000FF
_t_controle_blink                       bssCOMRAM    000038
_t_controle_buzzer                      bssCOMRAM    000039
_t_controle_fim_fases                   bssCOMRAM    00003A
_t_controle_flap                        bssCOMRAM    000033
_t_controle_modo_seguranca              bssBANK1     00014C
_t_controle_religar_buzzer              bssCOMRAM    000031
_t_controle_religar_ventoinha           bssBANK1     00014E
_t_controle_temp_automatica             bssCOMRAM    000037
_t_fim_fase1                            bssCOMRAM    000058
_t_fim_fase2                            bssCOMRAM    000057
_t_fim_fase3                            bssCOMRAM    000056
_t_flap_intervalo                       bssCOMRAM    000054
_t_flap_ligado                          bssCOMRAM    000055
_t_leitura_adc                          bssCOMRAM    000036
_t_religar_ventoinha_automatica         bssBANK0     0000F8
_t_temp_automatica                      bssBANK0     0000F9
_t_wifi_restart                         bssCOMRAM    00003E
_tabelaUmidade                          text3        001624
_temp                                   dataBANK0    0000FE
_tempajt                                bssBANK0     0000F4
_timer                                  text61       003F38
_timer$1410                             cstackCOMRAM 000018
_timer$1411                             cstackCOMRAM 00001A
_timer$1412                             cstackCOMRAM 00001C
_tipo_modo_trabalho                     bssCOMRAM    000059
_tipo_sensor_umidade                    bssBANK0     0000FA
_trava_fase                             bssBANK0     0000FB
_umid                                   dataCOMRAM   00005D
_umidajt                                bssBANK0     0000F3
_updateLeds                             text1        005976
_wifi_MAC                               dataBANK1    0001E6
_wifi_SENHA                             bssCOMRAM    00004B
_wifi_conectado                         bssCOMRAM    000049
_wifi_habilita_alteracao                bssCOMRAM    00004E
_writeEEPROM_ext                        text27       005822
acaoFlap@acao                           cstackBANK0  000067
acaoFlap@tempo_aguardar                 cstackBANK0  000064
acaoFlap@tempo_ativado                  cstackBANK0  000062
alterarDadosConexaoConfigWifi@i         cstackBANK0  0000E0
atualizaLCD@i                           cstackBANK0  000070
atualizaLCD@line1                       cstackBANK0  000068
atualizaLCD@line2                       cstackBANK0  00006A
atualizaLCD@line3                       cstackBANK0  00006C
atualizaLCD@line4                       cstackBANK0  00006E
blink@end                               cstackBANK0  000063
blink@i                                 cstackBANK0  000064
blink@line                              cstackBANK0  000060
blink@start                             cstackBANK0  000062
btPress@bt                              cstackBANK0  000060
btemp                                   temp         00005F
climaAtual@c                            cstackBANK0  000062
criaCaracteresCGRAM@F3900               mediumconst  00782D
criaCaracteresCGRAM@character           cstackBANK0  000067
criaCaracteresCGRAM@i                   cstackBANK0  0000A3
criaCaracteresCGRAM@j                   cstackBANK0  0000A2
criaCaracteresCGRAM@k                   cstackBANK0  0000A1
delay@x                                 cstackBANK0  000060
end_of_initialization                   cinit        0050DE
enviaDadosWifi@AUX                      cstackBANK0  0000C5
enviaDadosWifi@i                        cstackBANK0  0000D8
enviaDadosWifi@i_1393                   cstackBANK0  0000D9
enviaDadosWifi@j                        cstackBANK0  0000D6
enviaDadosWifi@men                      cstackBANK0  0000D7
faseAtual@_fase                         cstackBANK0  000060
faseAtual@_fasee                        cstackBANK0  000064
faseAtual@_tempajt                      cstackBANK0  000062
faseAtual@tmpajt                        cstackBANK0  000066
faseAtual@tp                            cstackBANK0  000065
findBufferSerial@key                    cstackBANK0  000074
getIntJSON@F274                         bssBANK1     000142
getIntJSON@F276                         bssBANK2     000255
getIntJSON@F278                         bssBANK2     000241
getSensors@aux                          cstackBANK0  0000B4
getSensors@auxx                         cstackBANK0  0000AD
getSensors@i                            cstackBANK0  0000B3
getStringJSON@F288                      bssBANK2     000200
getStringJSON@F290                      bssBANK2     00022D
getStringJSON@F292                      bssBANK2     000219
getStringJSON@attr                      cstackBANK0  0000C6
getStringJSON@buff                      cstackBANK0  000091
getStringJSON@expected                  cstackBANK0  0000B2
getStringJSON@find                      cstackBANK0  0000DD
getStringJSON@i                         cstackBANK0  0000DE
getStringJSON@isValid                   cstackBANK0  0000DA
getStringJSON@j                         cstackBANK0  0000DB
getStringJSON@key                       cstackBANK0  000093
getStringJSON@res                       cstackBANK0  000099
getStringJSON@ret                       cstackBANK0  000095
i2I2C_Read@a                            cstackCOMRAM 000002
i2I2C_Read@temp                         cstackCOMRAM 000004
i2I2C_Write@d                           cstackCOMRAM 000002
i2_I2C_Read                             text71       005A34
i2_I2C_Start                            text70       005C6E
i2_I2C_Stop                             text69       005C66
i2_I2C_Wait                             text72       005C00
i2_I2C_Write                            text68       005C44
i2_delay                                text64       005B50
i2_setRangeValor                        text62       005186
i2_strlen                               text66       005700
i2_writeEEPROM_ext                      text63       0058DA
i2delay@x                               cstackCOMRAM 000001
i2setRangeValor@_acao                   cstackCOMRAM 00000E
i2setRangeValor@_aux                    cstackCOMRAM 00000F
i2setRangeValor@_max                    cstackCOMRAM 000009
i2setRangeValor@_min                    cstackCOMRAM 000008
i2setRangeValor@_var_ajt                cstackCOMRAM 000006
i2setRangeValor@end_eeprom              cstackCOMRAM 00000A
i2strlen@cp                             cstackCOMRAM 000005
i2strlen@s                              cstackCOMRAM 000001
i2writeEEPROM_ext@adress                cstackCOMRAM 000005
[...]
      Totals:         2       0       0       0       0       0       0       0       0
Total ram usage:        2 bytes
 Hardware stack levels used:    1
 Hardware stack levels required when called:    2
 This function calls:
		i2_I2C_Start
		i2_I2C_Stop
		i2_I2C_Write
		i2_delay
 This function is called by:
		i2_setRangeValor
 This function uses a non-reentrant model


 *************** function i2_delay *****************
 Defined at:
		line 18 in file "src/function.c"
 Parameters:    Size  Location     Type
  x               2    0[COMRAM] int 
 Auto vars:     Size  Location     Type
		None
 Return value:  Size  Location     Type
                  1    wreg      void 
 Registers used:
		wreg, status,2, status,0
 Tracked objects:
		On entry : 
		On exit  : 
		Unchanged: 
 Data sizes:     COMRAM   BANK0   BANK1   BANK2   BANK3   BANK4   BANK5   BANK6   BANK7
      Params:         2       0       0       0       0       0       0       0       0
      Locals:         0       0       0       0       0       0       0       0       0
      Temps:          1       0       0       0       0       0       0       0       0
      Totals:         3       0       0       0       0       0       0       0       0
Total ram usage:        3 bytes
 Hardware stack levels used:    1
 This function calls:
		Nothing
 This function is called by:
		i2_writeEEPROM_ext
 This function uses a non-reentrant model


 *************** function _receiveByteSerial *****************
 Defined at:
		line 17 in file "src/serial.c"
 Parameters:    Size  Location     Type
  byte            1    wreg     unsigned char 
 Auto vars:     Size  Location     Type
  byte            1    8[COMRAM] unsigned char 
 Return value:  Size  Location     Type
                  1    wreg      void 
 Registers used:
		wreg, fsr0l, fsr0h, fsr2l, fsr2h, status,2, status,0, tblptrl, tblptrh, tblptru, prodl, prodh, cstack
 Tracked objects:
		On entry : 
		On exit  : 
		Unchanged: 
 Data sizes:     COMRAM   BANK0   BANK1   BANK2   BANK3   BANK4   BANK5   BANK6   BANK7
      Params:         0       0       0       0       0       0       0       0       0
      Locals:         1       0       0       0       0       0       0       0       0
      Temps:          2       0       0       0       0       0       0       0       0
      Totals:         3       0       0       0       0       0       0       0       0
Total ram usage:        3 bytes
 Hardware stack levels used:    1
 Hardware stack levels required when called:    1
 This function calls:
		i2_strlen
 This function is called by:
		_TIMER0
 This function uses a non-reentrant model


 *************** function i2_strlen *****************
 Defined at:
		line 4 in file "C:\Program Files (x86)\Microchip\xc8\v1.44\sources\common\strlen.c"
 Parameters:    Size  Location     Type
  s               2    0[COMRAM] PTR const unsigned char 
		 -> _BF_start(10), getStringJSON@expected(20), getIntJSON@expected(20), STR_79(3), 
		 -> STR_77(7), STR_76(7), STR_75(3), STR_73(4), 
		 -> STR_72(5), enviaDadosWifi@AUX(15), STR_68(4), STR_67(2), 
		 -> STR_65(4), STR_64(3), STR_62(4), STR_61(2), 
		 -> STR_60(2), STR_58(4), STR_56(4), STR_55(5), 
		 -> STR_54(3), STR_52(4), STR_51(3), STR_49(4), 
		 -> wifi_MAC(12), ssid(15), STR_40(3), STR_38(3), 
		 -> STR_34(4), STR_33(2), bufferSerial(100), STR_31(4), 
		 -> STR_30(7), STR_25(7), STR_24(3), STR_22(4), 
		 -> STR_21(3), STR_19(4), STR_18(3), STR_16(4), 
		 -> STR_15(3), STR_13(4), STR_12(3), STR_10(4), 
 Auto vars:     Size  Location     Type
  strlen          2    4[COMRAM] PTR const unsigned char 
		 -> _BF_start(10), getStringJSON@expected(20), getIntJSON@expected(20), STR_79(3), 
		 -> STR_77(7), STR_76(7), STR_75(3), STR_73(4), 
		 -> STR_72(5), enviaDadosWifi@AUX(15), STR_68(4), STR_67(2), 
		 -> STR_65(4), STR_64(3), STR_62(4), STR_61(2), 
		 -> STR_60(2), STR_58(4), STR_56(4), STR_55(5), 
		 -> STR_54(3), STR_52(4), STR_51(3), STR_49(4), 
		 -> wifi_MAC(12), ssid(15), STR_40(3), STR_38(3), 
		 -> STR_34(4), STR_33(2), bufferSerial(100), STR_31(4), 
		 -> STR_30(7), STR_25(7), STR_24(3), STR_22(4), 
		 -> STR_21(3), STR_19(4), STR_18(3), STR_16(4), 
		 -> STR_15(3), STR_13(4), STR_12(3), STR_10(4), 
 Return value:  Size  Location     Type
                  2    0[COMRAM] unsigned int 
 Registers used:
		wreg, fsr0l, fsr0h, status,2, status,0, tblptrl, tblptrh, tblptru
 Tracked objects:
		On entry : 
		On exit  : 
		Unchanged: 
 Data sizes:     COMRAM   BANK0   BANK1   BANK2   BANK3   BANK4   BANK5   BANK6   BANK7
      Params:         2       0       0       0       0       0       0       0       0
      Locals:         2       0       0       0       0       0       0       0       0
      Temps:          2       0       0       0       0       0       0       0       0
      Totals:         6       0       0       0       0       0       0       0       0
Total ram usage:        6 bytes
 Hardware stack levels used:    1
 This function calls:
		Nothing
 This function is called by:
		_receiveByteSerial
 This function uses a non-reentrant model


 *************** function _readButtons *****************
 Defined at:
		line 19 in file "src/Teclado.h"
 Parameters:    Size  Location     Type
		None
 Auto vars:     Size  Location     Type
		None
 Return value:  Size  Location     Type
                  1    wreg      void 
 Registers used:
		wreg, status,2, status,0, cstack
 Tracked objects:
		On entry : 
		On exit  : 
		Unchanged: 
 Data sizes:     COMRAM   BANK0   BANK1   BANK2   BANK3   BANK4   BANK5   BANK6   BANK7
      Params:         0       0       0       0       0       0       0       0       0
      Locals:         0       0       0       0       0       0       0       0       0
      Temps:          0       0       0       0       0       0       0       0       0
      Totals:         0       0       0       0       0       0       0       0       0
Total ram usage:        0 bytes
 Hardware stack levels used:    1
 Hardware stack levels required when called:    2
 This function calls:
		i2_I2C_Read
		i2_I2C_Start
		i2_I2C_Stop
		i2_I2C_Write
 This function is called by:
		_TIMER0
 This function uses a non-reentrant model


 *************** function i2_I2C_Write *****************
 Defined at:
		line 41 in file "src/I2C.c"
 Parameters:    Size  Location     Type
  d               2    1[COMRAM] unsigned int 
 Auto vars:     Size  Location     Type
		None
 Return value:  Size  Location     Type
                  1    wreg      void 
 Registers used:
		wreg, status,2, status,0, cstack
 Tracked objects:
		On entry : 
		On exit  : 
		Unchanged: 
 Data sizes:     COMRAM   BANK0   BANK1   BANK2   BANK3   BANK4   BANK5   BANK6   BANK7
      Params:         2       0       0       0       0       0       0       0       0
      Locals:         0       0       0       0       0       0       0       0       0
      Temps:          0       0       0       0       0       0       0       0       0
      Totals:         2       0       0       0       0       0       0       0       0
Total ram usage:        2 bytes
 Hardware stack levels used:    1
 Hardware stack levels required when called:    1
 This function calls:
		i2_I2C_Wait
 This function is called by:
		_readButtons
		i2_writeEEPROM_ext
 This function uses a non-reentrant model


 *************** function i2_I2C_Stop *****************
 Defined at:
		line 35 in file "src/I2C.c"
 Parameters:    Size  Location     Type
		None
 Auto vars:     Size  Location     Type
		None
 Return value:  Size  Location     Type
                  1    wreg      void 
 Registers used:
		wreg, status,2, status,0, cstack
 Tracked objects:
		On entry : 
		On exit  : 
		Unchanged: 
 Data sizes:     COMRAM   BANK0   BANK1   BANK2   BANK3   BANK4   BANK5   BANK6   BANK7
      Params:         0       0       0       0       0       0       0       0       0
      Locals:         0       0       0       0       0       0       0       0       0
      Temps:          0       0       0       0       0       0       0       0       0
      Totals:         0       0       0       0       0       0       0       0       0
Total ram usage:        0 bytes
 Hardware stack levels used:    1
 Hardware stack levels required when called:    1
 This function calls:
		i2_I2C_Wait
 This function is called by:
		_readButtons
		i2_writeEEPROM_ext
 This function uses a non-reentrant model


 *************** function i2_I2C_Start *****************
 Defined at:
		line 25 in file "src/I2C.c"
 Parameters:    Size  Location     Type
		None
 Auto vars:     Size  Location     Type
		None
 Return value:  Size  Location     Type
                  1    wreg      void 
 Registers used:
		wreg, status,2, status,0, cstack
 Tracked objects:
		On entry : 
		On exit  : 
		Unchanged: 
 Data sizes:     COMRAM   BANK0   BANK1   BANK2   BANK3   BANK4   BANK5   BANK6   BANK7
      Params:         0       0       0       0       0       0       0       0       0
      Locals:         0       0       0       0       0       0       0       0       0
      Temps:          0       0       0       0       0       0       0       0       0
      Totals:         0       0       0       0       0       0       0       0       0
Total ram usage:        0 bytes
 Hardware stack levels used:    1
 Hardware stack levels required when called:    1
 This function calls:
		i2_I2C_Wait
 This function is called by:
		_readButtons
		i2_writeEEPROM_ext
 This function uses a non-reentrant model


 *************** function i2_I2C_Read *****************
 Defined at:
		line 46 in file "src/I2C.c"
 Parameters:    Size  Location     Type
  a               2    1[COMRAM] unsigned short 
 Auto vars:     Size  Location     Type
  I2C_Read        2    3[COMRAM] unsigned short 
 Return value:  Size  Location     Type
                  2    1[COMRAM] unsigned short 
 Registers used:
		wreg, status,2, status,0, cstack
 Tracked objects:
		On entry : 
		On exit  : 
		Unchanged: 
 Data sizes:     COMRAM   BANK0   BANK1   BANK2   BANK3   BANK4   BANK5   BANK6   BANK7
      Params:         2       0       0       0       0       0       0       0       0
      Locals:         2       0       0       0       0       0       0       0       0
      Temps:          0       0       0       0       0       0       0       0       0
      Totals:         4       0       0       0       0       0       0       0       0
Total ram usage:        4 bytes
 Hardware stack levels used:    1
 Hardware stack levels required when called:    1
 This function calls:
		i2_I2C_Wait
 This function is called by:
		_readButtons
 This function uses a non-reentrant model


 *************** function i2_I2C_Wait *****************
 Defined at:
		line 21 in file "src/I2C.c"
 Parameters:    Size  Location     Type
		None
 Auto vars:     Size  Location     Type
		None
 Return value:  Size  Location     Type
                  1    wreg      void 
 Registers used:
		wreg, status,2, status,0
 Tracked objects:
		On entry : 
		On exit  : 
		Unchanged: 
 Data sizes:     COMRAM   BANK0   BANK1   BANK2   BANK3   BANK4   BANK5   BANK6   BANK7
      Params:         0       0       0       0       0       0       0       0       0
      Locals:         0       0       0       0       0       0       0       0       0
      Temps:          1       0       0       0       0       0       0       0       0
      Totals:         1       0       0       0       0       0       0       0       0
Total ram usage:        1 bytes
 Hardware stack levels used:    1
 This function calls:
		Nothing
 This function is called by:
		i2_I2C_Start
		i2_I2C_Stop
		i2_I2C_Write
		i2_I2C_Read
 This function uses a non-reentrant model



MODULE INFORMATION

Module		Function		Class		Link	Load	Size
src/function.c
		_delay         		CODE           	5A62	0000	43

src/function.c estimated size: 43

C:\Program Files (x86)\Microchip\xc8\v1.44\sources\common\strchr.c
		_strchr        		CODE           	5448	0000	113

C:\Program Files (x86)\Microchip\xc8\v1.44\sources\common\strchr.c estimated size: 113

C:\Program Files (x86)\Microchip\xc8\v1.44\sources\common\lwmod.c
		___lwmod       		CODE           	57DE	0000	69

C:\Program Files (x86)\Microchip\xc8\v1.44\sources\common\lwmod.c estimated size: 69

C:\Program Files (x86)\Microchip\xc8\v1.44\sources\common\memset.c
		_memset        		CODE           	59A6	0000	49

C:\Program Files (x86)\Microchip\xc8\v1.44\sources\common\memset.c estimated size: 49

src/conexaoWifi.h
		_enviaDadosWifi		CODE           	2BB6	0000	1329
		_alterarDadosConexaoConfigWifi		CODE           	35FE	0000	1289

src/conexaoWifi.h estimated size: 2618

src/controle.h
		_controle      		CODE           	3B06	0000	1075
		_timer         		CODE           	3F38	0000	695
		_acaoFlap      		CODE           	52B2	0000	143

src/controle.h estimated size: 1913

src/TabelasUmidade.h
		_tabelaUmidade 		CODE           	1624	0000	4051

src/TabelasUmidade.h estimated size: 4051

C:\Program Files (x86)\Microchip\xc8\v1.44\sources\common\lwtoft.c
		___lwtoft      		CODE           	5B04	0000	39

C:\Program Files (x86)\Microchip\xc8\v1.44\sources\common\lwtoft.c estimated size: 39

C:\Program Files (x86)\Microchip\xc8\v1.44\sources\common\ftmul.c
		___ftmul       		CODE           	4982	0000	247

C:\Program Files (x86)\Microchip\xc8\v1.44\sources\common\ftmul.c estimated size: 247

C:\Program Files (x86)\Microchip\xc8\v1.44\sources\common\ftdiv.c
		___ftdiv       		CODE           	4A78	0000	233

C:\Program Files (x86)\Microchip\xc8\v1.44\sources\common\ftdiv.c estimated size: 233

src/serial.c
		_setKeyStartReceiveSerial		CODE           	5528	0000	111
		_findBufferSerial		CODE           	5AB4	0000	41
		_receiveByteSerial		CODE           	5596	0000	111

src/serial.c estimated size: 263

C:\Program Files (x86)\Microchip\xc8\v1.44\sources\common\strncmp.c
		_strncmp       		CODE           	488A	0000	249

C:\Program Files (x86)\Microchip\xc8\v1.44\sources\common\strncmp.c estimated size: 249

C:\Program Files (x86)\Microchip\xc8\v1.44\sources\common\ftge.c
		___ftge        		CODE           	5220	0000	147

C:\Program Files (x86)\Microchip\xc8\v1.44\sources\common\ftge.c estimated size: 147

C:\Program Files (x86)\Microchip\xc8\v1.44\sources\common\lwdiv.c
		___lwdiv       		CODE           	565A	0000	85

C:\Program Files (x86)\Microchip\xc8\v1.44\sources\common\lwdiv.c estimated size: 85

C:\Program Files (x86)\Microchip\xc8\v1.44\sources\common\doprnt.c
		__doprnt       		CODE           	25F6	0000	1473

C:\Program Files (x86)\Microchip\xc8\v1.44\sources\common\doprnt.c estimated size: 1473

src/FuncoesControlador.h
		_setRangeValor 		CODE           	4FB2	0000	159
		_climaAtual    		CODE           	5752	0000	73
		_setUmidade    		CODE           	468C	0000	263
		_faseAtual     		CODE           	454E	0000	319

src/FuncoesControlador.h estimated size: 814

C:\Program Files (x86)\Microchip\xc8\v1.44\sources\common\lldiv.c
		___lldiv       		CODE           	53C4	0000	133

C:\Program Files (x86)\Microchip\xc8\v1.44\sources\common\lldiv.c estimated size: 133

src/I2C.c
		_I2C_Master_Init		CODE           	54B8	0000	113
		_I2C_Write     		CODE           	5C3A	0000	11
		_I2C_Stop      		CODE           	5C56	0000	9
		_I2C_Wait      		CODE           	5BEC	0000	21
		_I2C_Read      		CODE           	5912	0000	51
		_I2C_Start     		CODE           	5C5E	0000	9
		_I2C_Restart   		CODE           	5C4E	0000	9

src/I2C.c estimated size: 223

src/json.c
		_getStringJSON 		CODE           	41EE	0000	435

src/json.c estimated size: 435

C:\Program Files (x86)\Microchip\xc8\v1.44\sources\common\strstr.c
		_strstr        		CODE           	4CE6	0000	189

C:\Program Files (x86)\Microchip\xc8\v1.44\sources\common\strstr.c estimated size: 189

C:\Program Files (x86)\Microchip\xc8\v1.44\sources\common\Umul16.c
		___wmul        		CODE           	5A8C	0000	41

C:\Program Files (x86)\Microchip\xc8\v1.44\sources\common\Umul16.c estimated size: 41

src/main.c
		_main          		CODE           	0012	0000	5651
		_TIMER0        		CODE           	0008	0000	199

src/main.c estimated size: 5850

C:\Program Files (x86)\Microchip\xc8\v1.44\sources\common\fttol.c
		___fttol       		CODE           	4792	0000	249

C:\Program Files (x86)\Microchip\xc8\v1.44\sources\common\fttol.c estimated size: 249

shared
		i2_I2C_Wait    		CODE           	5C00	0000	19
		i2_I2C_Write   		CODE           	5C44	0000	11
		_dpowers       		MEDIUMCONST    	7865	0000	11
		i2_I2C_Stop    		CODE           	5C66	0000	9
		i2_writeEEPROM_ext		CODE           	58DA	0000	57
		i2_I2C_Start   		CODE           	5C6E	0000	9
		__initialization		CODE           	5050	0000	143
		criaCaracteresCGRAM@F3900		MEDIUMCONST    	782D	0000	57
		i2_I2C_Read    		CODE           	5A34	0000	47
		i2_setRangeValor		CODE           	5186	0000	155
		i2_strlen      		CODE           	5700	0000	83
		i2_delay       		CODE           	5B50	0000	37

shared estimated size: 638

src/USART.h
		_putch         		CODE           	5C12	0000	15
		_UART_Init     		CODE           	5BD0	0000	29

src/USART.h estimated size: 44

C:\Program Files (x86)\Microchip\xc8\v1.44\sources\common\ftadd.c
		___ftadd       		CODE           	43A0	0000	431

C:\Program Files (x86)\Microchip\xc8\v1.44\sources\common\ftadd.c estimated size: 431

src/Eeprom_ext.h
		_readEEPROM_ext		CODE           	56AE	0000	83
		_writeEEPROM_ext		CODE           	5822	0000	67

src/Eeprom_ext.h estimated size: 150

src/Teclado.h
		_readButtons   		CODE           	5ADC	0000	41
		_btPress       		CODE           	5BB4	0000	29

src/Teclado.h estimated size: 70

C:\Program Files (x86)\Microchip\xc8\v1.44\sources\common\isdigit.c
		_isdigit       		CODE           	5B74	0000	35

C:\Program Files (x86)\Microchip\xc8\v1.44\sources\common\isdigit.c estimated size: 35

src/Led_display.h
		_updateLeds    		CODE           	5976	0000	49
		_setLed        		CODE           	5B96	0000	31

src/Led_display.h estimated size: 80

src/ADC.h
		_getSensors    		CODE           	30E6	0000	1305
		_readADC       		CODE           	50EC	0000	155

src/ADC.h estimated size: 1460

C:\Program Files (x86)\Microchip\xc8\v1.44\sources\common\printf.c
		_printf        		CODE           	58A2	0000	57

C:\Program Files (x86)\Microchip\xc8\v1.44\sources\common\printf.c estimated size: 57

C:\Program Files (x86)\Microchip\xc8\v1.44\sources\common\sprintf.c
		_sprintf       		CODE           	579A	0000	69

C:\Program Files (x86)\Microchip\xc8\v1.44\sources\common\sprintf.c estimated size: 69

C:\Program Files (x86)\Microchip\xc8\v1.44\sources\common\float.c
		___ftpack      		CODE           	4E56	0000	177

C:\Program Files (x86)\Microchip\xc8\v1.44\sources\common\float.c estimated size: 177

src/lcd.h
		_Lcd_Write_String		CODE           	5A06	0000	47
		_Lcd_Init      		CODE           	5340	0000	133
		_Lcd_Write_Char		CODE           	5864	0000	63
		_criaCaracteresCGRAM		CODE           	4F06	0000	173
		_Lcd_Cmd       		CODE           	5B2A	0000	39
		_Lcd_Set_Cursor		CODE           	4DA2	0000	181
		_atualizaLCD   		CODE           	4B60	0000	199
		_Lcd_Clear     		CODE           	5C20	0000	15
		_blink         		CODE           	5944	0000	51
		_Lcd_Port      		CODE           	59D6	0000	49

src/lcd.h estimated size: 950

C:\Program Files (x86)\Microchip\xc8\v1.44\sources\common\strlen.c
		_strlen        		CODE           	5604	0000	87

C:\Program Files (x86)\Microchip\xc8\v1.44\sources\common\strlen.c estimated size: 87

